[    0.000000] Initializing cgroup subsys cpuset
[    0.000000] Initiizg cgroup subsys u[   .0000] Initializing cgroupsubsys cpuacct
[  00000Linux version 4.0-9-generic (buildd@lgw01-amd64-038) (gcc version 5.4.0 20160609 (Ubuntu 5.4.0-6ubuntu1~16.04.5) ) #132-Ubuntu SMP Tue Jan 9 19:52:39 UTC 2018 (Ubuntu 4.4.0-109.132-generic 4.4.98)
[    0.000000] Command line: BOOT_IMAGE=/boot/vmlinuz-4.4.0-109-generic root=LABEL=cloudimg-rootfs ro console=tty1 console=ttyS0
[    0.000000] KERNEL supported cpus:
[    0.000000]   Intel GenuineIntel
[    0.000000]   AMD AuthenticAMD
[    0.000000]   Centaur CentaurHauls
[    0.000000] x86/fpu: xstate_offset[2]:  576, xstate_sizes[2]:  256
[    0.000000] x86/fpu: Supporting XSAVE feature 0x01: 'x87 floating point registers'
[    0.000000] x86/fpu: Supporting XSAVE feature 0x02: 'SSE registers'
[    0.000000] x86/fpu: Supporting XSAVE feature 0x04: 'AVX registers'
[    0.000000] x86/fpu: Enabled xstate features 0x7, context size is 832 bytes, using 'standard' format.
[    0.000000] x86/fpu: Using 'lazy' FPU context switches.
[    0.000000] e820: BIOS-provided physical RAM map:
[    0.000000] BIOS-e820: [mem 0x0000000000000000-0x000000000009fbff] usable
[    0.000000] BIOS-e820: [mem 0x000000000009fc00-0x000000000009ffff] reserved
[    0.000000] BIOS-e820: [mem 0x00000000000f0000-0x00000000000fffff] reserved[    0.0000] IOS-e820: [mem 0x0000000000100000-0x000000005f3effff] usable
[    0.000000] BIOS-e820: [mem 0x000000005f3f0000-0x000000005f3fffff] ACPI data
[    0.000000] BIOS-e820: [mem 0x00000000fec00000-0x00000000fec00fff] reserved
[    0.000000] BIOS-e820: [mem 0x00000000fee00000-000000fee00fff] reserved
[    0.000000] BIOS-e820: [mem 0x00000000fffc0000-0x00000000ffffffff] reserved
[    0.000000] NX (Execute Disable) protection: active
[    0.000000] SMBIOS 2.5 present.
[    0.000000] Hypervisor detected: KVM
[    0.000000] e820: last_pfn = 0x5f3f0 max_arch_pfn = 0x400000000
[    0.000000] MTRR: Disabled
[    0.000000] x86/PAT: MTRRs disabled, skipping PAT initialization too.
[    0.000000] CPU MTRRs all blank - virtualized system.
[    0.000000] x86/PAT: Configuration [0-7]: WB  WT  UC- UC  WB  WT  UC- UC  
[    0.000000] found SMP MP-table at [mem 0x0009fff0-0x0009ffff] mapped at [ffff88000009fff0]
[    0.000000] Scanning 1 areas for low memory corruption
[    0.000000] RAMDISK: [mem 0x36adc000-0x37565fff]
[    0.000000] ACPI: Early table checksum verification disabled
[    0.000000] ACPI: RSDP 0x00000000000E0000 000024 (v02 VBOX  )
[    0.000000] ACPI: XSDT 0x000000005F3F0030 00003C (v01 VBOX   VBOXXSDT 00000001 ASL  00000061)
[    0.000000] ACPI: FACP 0x000000005F3F00F0 0000F4 (v04 VBOX   VBOXFACP 00000001 ASL  00000061)
[    0.000000] ACPI: DSDT 0x000000005F3F0470 0021FF (v02 VBOX   VBOXBIOS 00000002 IN 20121
[    0.000000] ACPI: FACS 0x000000005F02 000040
[    0.000000] ACPI: FACS 0x0000003F0200 000040
[    0.000000] ACPI: APIC 0x000000005F3F0240 00005C (v02 VBOX   VBOXAPIC 00000001 ASL  00000061)
[    0.000000] ACPI: SSDT 0x000000005F3F02A0 0001CC (v01 VBOX   VBOXCPUT 00000002 INTL 20140214)
[    0.000000] No NUMA configuration found
[    0.000000] Faking a node at [mem 0x0000000000000000-0x000000005f3effff]
[    0.000000] NODE_DATA(0) allocated [mem 0x5f3eb000-0x5f3effff]
[    0.000000] kvm-clock: Using msrs 4b564d01 and 4b564d00
[    0.000000] kvm-clock: cpu 0, msr 0:5f3e3001, primary cpu clock
[    0.000000] kvm-clock: using sched offset of 3353619776 cycles
[    0.000000] clocksource: kvm-clock: mask: 0xffffffffffffffff max_cycles: 0x1cd42e4dffb, max_idle_ns: 881590591483 ns
[    0.000000] Zone ranges:
[    0.000000]   DMA      [mem 0x0000000000001000-0x0000000000ffffff]
[    0.000000]   DMA32    [mem 0x0000000001000000-0x000000005f3effff]
[    0.000000]   Normal   empty
[    0.000000]   Device   empty
[    0.000000] Movable zone start for each node
[    0.000000] Early memory node ranges
[    0.000000]   node   0: [mem 0x0000000000001000-0x000000000009efff]
[    0.000000]   node   0: [mem 0x0000000000100000-0x000000005f3effff]
[    0.000000] Initmem setup node 0 [mem 0x0000000000001000-0x000000005f3effff]
[    0.000000] ACPI: PM-Timer IO Port: 0x4008
[    0.000000] IOAPIC[0]: apic_id 2, version 32, address 0xfec00000, GSI 0-23
[    0.000000] ACPI: T_C_OVR (bus 0 bus_irq 0 global_irq 2 dfl dfl)
[  000000] ACPI: INT_SRC_OVR (bus 0 bus_irq 9 global_irq 9 low level)
[    0.000000] Using ACPI (MADT) for SMP configuration information
[    0.000000] smpboot: Allowing 2 CPUs, 0 hotplug CPUs
[    0.000000] PM: Registered nosave memory: [mem 0x00000000-0x00000fff]
[    0.000000] PM: Registered nosave memory: [mem 0x0009f000-0x0009ffff]
[    0.000000] PM: Registered nosave memory: [mem 0x000a0000-0x000effff]
[    0.000000] PM: Registered nosave memory: [mem 0x000f0000-0x000fffff]
[    0.000000] e820: [mem 0x5f400000-0xfebfffff] available for PCI devices
[    0.000000] Booting paravirtualized kernel on KVM
[    0.000000] clocksource: refined-jiffies: mask: 0xffffffff max_cycles: 0xffffffff, max_idle_ns: 7645519600211568 ns
[    0.000000] setup_percpu: NR_CPUS:512 nr_cpumask_bits:512 nr_cpu_ids:2 nr_node_ids:1
[    0.000000] PERCPU: Embedded 34 pages/cpu @ffff88005f000000 s99544 r8192 d31528 u1048576
[    0.000000] PV qspinlock hash table entries: 256 (order: 0, 4096 bytes)
[    0.000000] Built 1 zonelists in Node order, mobility grouping on.  Total pages: 383913
[    0.000000] Policy zone: DMA32
[    0.000000] Kernel command line: BOOT_IMAGE=/boot/vmlinuz-4.4.0-109-generic root=LABEL=cloudimg-rootfs ro console=tty1 console=ttyS0
[    0.000000] PID hash table entries: 4096 (order: 3, 32768 bytes)
[    0.000000] Memory: 1505548K/1560120K available (8485K kernel code, 1308K rwdata, 3988K rodata, 1508K init, 1316K bss, 54572K reserved, 0K cma-reserved)
[    0.000000] SLUB: HWalign=64, Order=0-3, MinObjects=0, CPUs=2, Nodes=1
[    0.000000] Kernel/User page tables isolation: enabled
[    0.000000] Hierarchical RCU implementation.
[    0.000000] 	Build-time adjustment of leaf fanout to 64.
[    0.000000] 	RCU restricting CPUs from NR_CPUS=512 to nr_cpu_ids=2.
[    0.000000] RCU: Adjusting geometry for rcu_fanout_leaf=64, nr_cpu_ids=2
[    0.000000] NR_IRQS:33024 nr_irqs:440 16
[    0.000000] Console: colour VGA+ 80x25
[    0.000000] console [tty1] enabled
[    0.000000] console [ttyS0] enabled
[    0.000000] tsc: Detected 2394.558 MHz processor
[    2.557118] Calibrating delay loop (skipped) preset value.. 4789.11 BogoMIPS (lpj=9578232)
[    2.558728] pid_max: default: 32768 minimum: 301
[    2.560982] ACPI: Core revision 20150930
[    2.562556] ACPI: 2 ACPI AML tables successfully acquired and loaded
[    2.563618] Security Framework initialized
[    2.564336] Yama: becoming mindful.
[    2.564962] AppArmor: AppArmor initialized
[    2.566192] Dentry cache hash table entries: 262144 (order: 9, 2097152 bytes)
[    2.567578] Inode-cache hash table entries: 131072 (order: 8, 1048576 bytes)
[    2.569249] Mount-cache hash table entries: 4096 (order: 3, 32768 bytes)
[    2.570253] Mountpoint-cache hash table entries: 4096 (order: 3, 32768 bytes)
[    2.571462] Initializing cgroup subsys io
[    2.572167] Initializing cgroup subsys memory
[    2.573998] Initializing cgroup subsys devices
[    2.574742] Initializing cgroup subsys freezer
[    2.575479] Initializing cgroup subsys net_cls
[    2.576237] Initializing cgroup subsys perf_event
[    2.577031] Initializing cgroup subsys net_prio
[    2.577792] Initializing cgroup subsys hugetlb
[    2.578705] Initializing cgroup subsys pids
[    2.589753] CPU: Physical Processor ID: 0
[    2.590444] CPU: Processor Core ID: 0
[    2.591411] mce: CPU supports 0 MCE banks
[    2.592126] Last level iTLB entries: 4KB 512, 2MB 8, 4MB 8
[    2.593008] Last level dTLB entries: 4KB 512, 2MB 32, 4MB 32, 1GB 0
[    2.595890] Freeing SMP alternatives memory: 32K
[    2.605049] ftrace: allocating 32171 entries in 126 pages
[    2.695556] smpboot: APIC(0) Converting physical 0 to logical package 0
[    2.887116] smpboot: Max logical packages: 1
[    3.006055] x2apic enabled
[    3.085769] Switched APIC routing to physical x2apic.
[    3.171215] ..TIMER: vector=0x30 apic1=0 pin1=2 apic2=-1 pin2=-1
[    3.284032] smpboot: CPU0: Intel(R) Core(TM) i7-3630QM CPU @ 2.40GHz (family: 0x6, model: 0x3a, stepping: 0x9)
[    3.291016] Performance Events: unsupported p6 CPU model 58 no PMU driver, software events only.
[    3.292616] KVM setup paravirtual spinlock
[    3.294443] x86: Booting SMP configuration:
[    3.299598] .... node  #0, CPUs:      #1
[    3.300376] kvm-clock: cpu 1, msr 0:5f3e3041, secondary cpu clock
[    3.301603] mce: CPU supports 0 MCE banks
[    3.304208] x86: Booted up 1 node, 2 CPUs
[    3.309754] smpboot: Total of 2 processors activated (9578.23 BogoMIPS)
[    3.311051] devtmpfs: initialized
[    3.320586] evm: security.selinux
[    3.324670] evm: security.SMACK64
[    3.325268] evm: security.SMACK64EXEC
[    3.325904] evm: security.SMACK64TRANSMUTE
[    3.326583] evm: security.SMACK64MMAP
[    3.327239] evm: security.ima
[    3.327809] evm: security.capability
[    3.328662] clocksource: jiffies: mask: 0xffffffff max_cycles: 0xffffffff, max_idle_ns: 7645041785100000 ns
[    3.345546] futex hash table entries: 512 (order: 3, 32768 bytes)
[    3.346597] pinctrl core: initialized pinctrl subsystem
[    3.347515] RTC time: 21:46:48, date: 01/27/18
[    3.348401] NET: Registered protocol family 16
[    3.360164] cpuidle: using governor ladder
[    3.448410] cpuidle: using governor menu
[    3.560837] PCCT header not found.
[    3.590520] ACPI: bus type PCI registered
[    3.594366] acpiphp: ACPI Hot Plug PCI Controller Driver version: 0.5
[    3.595434] PCI: Using configuration type 1 for base access
[    3.609692] ACPI: Added _OSI(Module Device)
[    3.615679] ACPI: Added _OSI(Processor Device)
[    3.616395] ACPI: Added _OSI(3.0 _SCP Extensions)
[    3.617181] ACPI: Added _OSI(Processor Aggregator Device)
[    3.619135] ACPI: Executed 1 blocks of module-level executable AML code
[    3.796749] ACPI: Interpreter enabled
[    3.887917] ACPI: (supports S0 S5)
[    3.985317] ACPI: Using IOAPIC for interrupt routing
[    4.058628] PCI: Using host bridge windows from ACPI; if necessary, use "pci=nocrs" and report a bug
[    4.063308] ACPI: PCI Root Bridge [PCI0] (domain 0000 [bus 00-ff])
[    4.064250] acpi PNP0A03:00: _OSC: OS supports [ASPM ClockPM Segments MSI]
[    4.065274] acpi PNP0A03:00: _OSC: not requesting OS control; OS requires [ExtendedConfig ASPM ClockPM MSI]
[    4.198507] acpi PNP0A03:00: fail to add MMCONFIG information, can't access extended PCI configuration space under this bridge.
[    4.226435] PCI host bridge to bus 0000:00
[    4.227297] pci_bus 0000:00: root bus resource [io  0x0000-0x0cf7 window]
[    4.228515] pci_bus 0000:00: root bus resource [io  0x0d00-0xffff window]
[    4.229737] pci_bus 0000:00: root bus resource [mem 0x000a0000-0x000bffff window]
[    4.340348] pci_bus 0000:00: root bus resource [mem 0x5f400000-0xfdffffff window]
[    4.421434] pci_bus 0000:00: root bus resource [bus 00-ff]
[    4.423633] pci 0000:00:01.1: legacy IDE quirk: reg 0x10: [io  0x01f0-0x01f7]
[    4.424693] pci 0000:00:01.1: legacy IDE quirk: reg 0x14: [io  0x03f6]
[    4.425689] pci 0000:00:01.1: legacy IDE quirk: reg 0x18: [io  0x0170-0x0177]
[    4.426736] pci 0000:00:01.1: legacy IDE quirk: reg 0x1c: [io  0x0376]
[    4.445625] pci 0000:00:07.0: quirk: [io  0x4000-0x403f] claimed by PIIX4 ACPI
[    4.454808] pci 0000:00:07.0: quirk: [io  0x4100-0x410f] claimed by PIIX4 SMB
[    4.477709] ACPI: PCI Interrupt Link [LNKA] (IRQs 5 9 10 *11)
[    4.609217] ACPI: PCI Interrupt Link [LNKB] (IRQs 5 9 *10 11)
[    4.641995] ACPI: PCI Interrupt Link [LNKC] (IRQs 5 *9 10 11)
[    4.681070] ACPI: PCI Interrupt Link [LNKD] (IRQs 5 9 10 *11)
[    4.713777] ACPI: Enabled 2 GPEs in block 00 to 07
[    4.722512] vgaarb: setting as boot device: PCI:0000:00:02.0
[    4.723355] vgaarb: device added: PCI:0000:00:02.0,decodes=io+mem,owns=io+mem,locks=none
[    4.724716] vgaarb: loaded
[    4.725263] vgaarb: bridge control possible 0000:00:02.0
[    4.728719] SCSI subsystem initialized
[    4.729554] ACPI: bus type USB registered
[    4.730257] usbcore: registered new interface driver usbfs
[    4.731121] usbcore: registered new interface driver hub
[    4.732043] usbcore: registered new device driver usb
[    4.734273] PCI: Using ACPI for IRQ routing
[    4.735246] NetLabel: Initializing
[    4.735869] NetLabel:  domain hash size = 128
[    4.736592] NetLabel:  protocols = UNLABELED CIPSOv4
[    4.737413] NetLabel:  unlabeled traffic allowed by default
[    4.765757] amd_nb: Cannot enumerate AMD northbridges
[    4.809355] clocksource: Switched to clocksource kvm-clock
[    4.855668] AppArmor: AppArmor Filesystem Enabled
  5.94] npPnACI it[  5147]np: PnP ACPI: found 3 devices
[    5.785717] clocksource: acpi_pm: mask: 0xffffff max_cycles: 0xffffff, max_idle_ns: 2085701024 ns
[    5.979145] NET: Registered protocol family 2
[    5.980020] TCP established hash table entries: 16384 (order: 5, 131072 bytes)
[    5.981264] TCP bind hash table entries: 16384 (order: 6, 262144 bytes)
[    5.988447] TCP: Hash tables configured (established 16384 bind 16384)
[    5.989442] UDP hash table entries: 1024 (order: 3, 32768 bytes)
[    6.328304] UDP-Lite hash table entries: 1024 (order: 3, 32768 bytes)
[    6.369068] NET: Registered protocol family 1
[    6.370057] pci 0000:00:00.0: Limiting direct PCI/PCI transfers
[    6.371218] pci 0000:00:01.0: Activating ISA DMA hang workarounds
[    6.372545] Unpacking initramfs...
[    7.954921] Freeing initrd memory: 10792K
[    8.198361] RAPL PMU detected, API unit is 2^-32 Joules, 3 fixed counters 10737418240 ms ovfl timer
[    8.229335] hw unit of domain pp0-core 2^-0 Joules
[    8.230159] hw unit of domain package 2^-0 Joules
[    8.230914] hw unit of domain pp1-gpu 2^-0 Joules
[    8.231789] platform rtc_cmos: registered platform RTC device (no PNP device found)
[    8.233103] Scanning for low memory corruption every 60 seconds
[    8.234497] audit: initializing netlink subsys (disabled)
[    8.235354] audit: type=2000 audit(1517089614.011:1): initialized
[    8.236520] Initialise system trusted keyring
[    8.237522] HugeTLB registered 2 MB page size, pre-allocated 0 pages
[    8.489619] zbud: loaded
[    8.618576] VFS: Disk quotas dquot_6.6.0
[    8.908344] VFS: Dquot-cache hash table entries: 512 (order 0, 4096 bytes)
[    9.298442] tsc: Refined TSC clocksource calibration: 2394.346 MHz
[    9.299422] clocksource: tsc: mask: 0xffffffffffffffff max_cycles: 0x22835a64217, max_idle_ns: 440795270898 ns
[    9.301294] squashfs: version 4.0 (2009/01/31) Phillip Lougher
[    9.309004] fuse init (API version 7.23)
[    9.309947] Key type big_key registered
[    9.310662] Allocating IMA MOK and blacklist keyrings.
[    9.313035] Key type asymmetric registered
[    9.538279] Asymmetric key parser 'x509' registered
[    9.550484] Block layer SCSI generic (bsg) driver version 0.4 loaded (major 249)
[    9.551883] io scheduler noop registered
[    9.552581] io scheduler deadline registered (default)
[    9.553452] io scheduler cfq registered
[    9.554269] pci_hotplug: PCI Hot Plug PCI Core version: 0.5
[    9.555159] pciehp: PCI Express Hot Plug Controller Driver version: 0.4
[    9.556286] ACPI: AC Adapter [AC] (off-line)
[    9.908387] input: Power Button as /devices/LNXSYSTM:00/LNXPWRBN:00/input/input0
[   10.578598] ACPI: Power Button [PWRF]
[   10.698358] input: Sleep Button as /devices/LNXSYSTM:00/LNXSLPBN:00/input/input1
[   11.198536] ACPI: Sleep Button [SLPF]
[   11.258830] GHES: HEST is not enabled!
[   11.259392] ACPI: Battery Slot [BAT0] (battery present)
[   11.260465] Serial: 8250/16550 driver, 32 ports, IRQ sharing enabled
[   11.283270] 00:22: ttyS0 at I/O 0x3f8 (irq = 4, base_baud = 115200) is a 16550A
[   11.648959] Linux agpgart interface v0.103
[   11.760288] loop: module loaded
[   11.761500] scsi host0: ata_piix
[   11.762306] scsi host1: ata_piix
[   11.762969] ata1: PATA max UDMA/33 cmd 0x1f0 ctl 0x3f6 bmdma 0xd000 irq 14
[   11.767232] ata2: PATA max UDMA/33 cmd00x170 ctl 0x376 bmdma 0xd008 irq 15
[   11.978732] libphy: Fixed MDIO Bus: probed
[   11.979658] tun: Universal TUN/TAP device driver, 1.6
[   11.980714] tun: (C) 1999-2004 Max Krasnyansky <maxk@qualcomm.com>
[   11.982054] PPP generic driver version 2.4.2
[   11.988868] ehci_hcd: USB 2.0 'Enhanced' Host Controller (EHCI) Driver
[   11.990218] ehci-pci: EHCI PCI platform driver
[   11.991206] ehci-platform: EHCI generic platform driver
[   11.992365] ohci_hcd: USB 1.1 'Open' Host Controller (OHCI) Driver
[   11.993593] ohci-pci: OHCI PCI platform driver
[   11.994587] ohci-platform: OHCI generic platform driver
[   11.995942] uhci_hcd: USB Universal Host Controller Interface driver
[   11.997263] i8042: PNP: PS/2 Controller [PNP0303:PS2K,PNP0f03:PS2M] at 0x60,0x64 irq 1,12
[   12.005529] serio: i8042 KBD port at 0x60,0x64 irq 1
[   12.006579] serio: i8042 AUX port at 0x60,0x64 irq 12
[   12.007759] mousedev: PS/2 mouse device common for all mice
[   12.009336] rtc_cmos rtc_cmos: rtc core: registered rtc_cmos as rtc0
[   12.017730] input: AT Translated Set 2 keyboard as /devices/platform/i8442/serio0/input/input2
[   12.578586] rtc_cmos rtc_cmos: alarms up to one day, 114 bytes nvram
[   12.678725] i2c /dev entries driver
[   12.679515] device-mapper: uevent: version 1.0.3
[   12.680379] device-mapper: ioctl: 4.34.0-ioctl (2015-10-28) initialised: dm-devel@redhat.com
[   12.681804] ledtrig-cpu: registered to indicate activity on CPUs
[   12.703175] NET: Registered protocol family 10
[   12.704411] NET: Registered protocol family 17
[   12.705480] Key type dns_resolver registered
[   12.706701] microcode: CPU0 sig=0x306a9, pf=0x2, revision=0x19
[   12.708046] microcode: CPU1 sig=0x306a9, pf=0x2, revision=0x19
[   12.713923] microcode: Microcode Update Driver: v2.01 <tigran@aivazian.fsnet.co.uk>, Peter Oruba
[   12.876805] registered taskstats version 1
[   13.048321] Loading compiled-in X.509 certificates
[   13.049810] Loaded X.509 cert 'Build time autogenerated kernel key: 96e61bd247bb6c4e82ca419795a98fcb171b0e99'
[   13.051387] zswap: loaded using pool lzo/zbud
[   13.054954] Key type trusted registered
[   13.061184] Key type encrypted registered
[   13.119633] AppArmor: AppArmor sha1 policy hashing enabled
[   13.120478] ima: No TPM chip found, activating TPM-bypass!
[   13.121336] evm: HMAC attrs: 0x1
[   13.122585]   Magic number: 2:463:804
[   13.123379] rtc_cmos rtc_cmos: setting system clock to 2018-01-27 21:46:58 UTC (1517089618)
[   13.124945] BIOS EDD facility v0.16 2004-Jun-25, 0 devices found
[   13.125972] EDD information not available.
[   13.127912] Freeing unused kernel memory: 1508K
[   13.128665] Write protecting the kernel read-only data: 14336k
[   13.130131] Freeing unused kernel memory: 1744K
[   13.131170] Freeing unused kernel memory: 108K
Loading, please wait...
starting version[   13.148879] random: systemd-udevd: uninitialized urandom read (16 bytes read, 3 bits of entropy available)
 229
[   13.149610] random: udevadm: uninitialized urandom read (16 bytes read, 3 bits of entropy available)
[   13.149637] random: udevadm: uninitialized urandom read (16 bytes read, 3 bits of entropy available)
[   13.163090] random: udevadm: uninitialized urandom read (16 bytes read, 3 bits of entropy available)
[   13.163147] random: udevadm: uninitialized urandom read (16 bytes read, 3 bits of entropy available)
[   13.163349] random: udevadm: uninitialized urandom read (16 bytes read, 3 bits of entropy available)
[   13.163428] random: udevadm: uninitialized urandom read (16 bytes read, 3 bits of entropy available)
[   13.163506] random: udevadm: uninitialized urandom read (16 bytes read, 3 bits of entropy available)
[   13.163588] random: udevadm: uninitialized urandom read (16 bytes read, 3 bits of entropy available)
[   13.163667] random: udevadm: uninitialized urandom read (16 bytes read, 3 bits of entropy available)
[   13.883455] e1000: Intel(R) PRO/1000 Network Driver - version 7.3.21-k8-NAPI
[   14.062966] e1000: Copyright (c) 1999-2006 Intel Corporation.
[   14.554989] Fusion MPT base driver 3.04.20
[   14.778274] Copyright (c) 1999-2008 LSI Corporation
[   14.809966] Fusion MPT SPI Host driver 3.04.20
[   14.841859] AVX version of gcm_enc/dec engaged.
[   14.847979] AES CTR mode by8 optimization enabled
[   15.050703] input: ImExPS/2 Generic Explorer Mouse as /devices/platform/i8042/serio1/input/input4
[   15.157270] e1000 0000:00:03.0 eth0: (PCI:33MHz:32-bit) 02:38:07:4c:82:85
[   15.448360] e1000 0000:00:03.0 eth0: Intel(R) PRO/1000 Network Connection
[   15.908391] mptbase: ioc0: Initiating bringup
[   16.073641] ioc0: LSI53C1030 A0: Capabilities={Initiator}
[   16.330401] scsi host2: ioc0: LSI53C1030 A0, FwRev=00000000h, Ports=1, MaxQ=256, IRQ=20
[   17.058182] scsi 2:0:0:0: Direct-Access     VBOX     HARDDISK         1.0  PQ: 0 ANSI: 5
[   17.306067] scsi target2:0:0: Beginning Domain Validation
[   17.417086] e1000 0000:00:08.0 eth1: (PCI:33MHz:32-bit) 08:00:27:a4:37:67
[   17.417091] e1000 0000:00:08.0 eth1: Intel(R) PRO/1000 Network Connection
[   17.750316] e1000 0000:00:03.0 enp0s3: renamed from eth0
[   17.766718] scsi target2:0:0: Domain Validation skipping write tests
[   17.774071] scsi target2:0:0: Ending Domain Validation
[   17.774931] scsi target2:0:0: asynchronous
[   17.775981] scsi 2:0:1:0: Direct-Access     VBOX     HARDDISK         1.0  PQ: 0 ANSI: 5
[   17.777370] scsi target2:0:1: Beginning Domain Validation
[   17.781806] e1000 0000:00:08.0 enp0s8: renamed from eth1
[   17.907010] floppy0: no floppy controllers found
[   18.000171] scsi target2:0:1: Domain Validation skipping write tests
[   18.368296] scsi target2:0:1: Ending Domain Validation
[   18.412154] scsi target2:0:1: asynchronous
[   18.422682] sd 2:0:0:0: Attached scsi generic sg0 type 0
[   18.626535] sd 2:0:0:0: [sda] 20971520 512-byte logical blocks: (10.7 GB/10.0 GiB)
[   19.059473] sd 2:0:1:0: Attached scsi generic sg1 type 0
[   19.059535] sd 2:0:1:0: [sdb] 20480 512-byte logical blocks: (10.5 MB/10.0 MiB)
[   19.059744] sd 2:0:1:0: [sdb] Write Protect is off
[   19.059848] sd 2:0:1:0: [sdb] Incomplete mode parameter data
[   19.059849] sd 2:0:1:0: [sdb] Assuming drive cache: write through
[   19.061437] sd 2:0:0:0: [sda] Write Protect is off
[   19.061757] sd 2:0:0:0: [sda] Incomplete mode parameter data
[   19.061758] sd 2:0:0:0: [sda] Assuming drive cache: write through
[   19.116129]  sda: sda1
[   19.179909] sd 2:0:1:0: [sdb] Attached SCSI disk
[   19.189829] sd 2:0:0:0: [sda] Attached SCSI disk
Begin: Loading e[   20.730727] md: linear personality registered for level -1
ssential drivers ... [   20.745573] md: multipath personality registered for level -4
[   20.751661] md: raid0 personality registered for level 0
[   20.782532] md: raid1 personality registered for level 1
[   20.853389] raid6: sse2x1   gen()  7989 MB/s
[   20.933386] raid6: sse2x1   xor()  7057 MB/s
[   21.121390] raid6: sse2x2   gen() 11160 MB/s
[   21.309394] raid6: sse2x2   xor()  7576 MB/s
[   21.485389] raid6: sse2x4   gen() 12795 MB/s
[   21.677387] raid6: sse2x4   xor()  9506 MB/s
[   21.695005] raid6: using algorithm sse2x4 gen() 12795 MB/s
[   21.695875] raid6: .... xor() 9506 MB/s, rmw enabled
[   21.698124] raid6: using ssse3x2 recovery algorithm
[   21.700409] xor: automatically using best checksumming function:
[   21.753783]    avx       : 34372.000 MB/sec
[   21.909776] async_tx: api initialized (async)
[   21.935343] md: raid6 personality registered for level 6
[   22.051062] md: raid5 personality registered for level 5
[   22.066141] md: raid4 personality registered for level 4
[   22.074142] md: raid10 personality registered for level 10
done.
Begin: Running /scripts/init-premount ... done.
Begin: Mounting root file syst[   22.165346] Btrfs loaded
em ... Begin: Running /scripts/local-top ... done.
Begin: Running /scripts/local-premount ... Scanning for Btrfs filesystems
done.
Warning: fsck not present, so skipping root file system
[   22.264556] EXT4-fs (sda1): mounted filesystem with ordered data mode. Opts: (null)
done.
Begin: Running /scripts/local-bottom ... done.
Begin: Running /scripts/init-bottom ... done.
[   23.158331] random: nonblocking pool is initialized
[   23.761606] systemd[1]: systemd 229 running in system mode. (+PAM +AUDIT +SELINUX +IMA +APPARMOR +SMACK +SYSVINIT +UTMP +LIBCRYPTSETUP +GCRYPT +GNUTLS +ACL +XZ -LZ4 +SECCOMP +BLKID +ELFUTILS +KMOD -IDN)
[   23.774533] systemd[1]: Detected virtualization oracle.
[   23.861433] systemd[1]: Detected architecture x86-64.

Welcome to [1mUbuntu 16.04.3 LTS[0m!

[   24.138351] systemd[1]: Set hostname to <VM-2>.
[   25.849038] systemd[1]: Created slice User and Session Slice.
[[0;32m  OK  [0m] Created slice User and Session Slice.
[ 26705]ystemd[1]: Set up automount Arbitrary Executable File Formats File System Automount Point.
[[0;32m  OK  [0m] Set up automount Arbitrary Executab...ats File System Automount Point.
[   26.340383] systemd[1]: Reached target Encrypted Volumes.
[[0;32m  OK  [0m] Reached target Encrypted Volumes.
[   26.345879] systemd[1]: Listening on Journal Socket.
[[0;32m  OK  [0m] Listening on Journal Socket.
[   26.347676] systemd[1]: Started Forward Password Requests to Wall Directory Watch.
[[0;32m  OK  [0m] Started Forward Password Requests to Wall Directory Watch.
[   26.351757] systemd[1]: Created slice System Slice.
[[0;32m  OK  [0m] Created slice System Slice.
[   26.353557] systemd[1]: Reached target Slices.
[[0;32m  OK  [0m] Reached target Slices.
[   26.365709] systemd[1]: Starting Create list of required static device nodes for the current kernel...
         Starting Create list of required st... nodes for the current kernel...
[   26.416739] systemd[1]: Listening on /dev/initctl Compatibility Named Pipe.
[[0;32m  OK  [0m] Listening on /dev/initctl Compatibility Named Pipe.
[   26.478908] systemd[1]: Reached target User and Group Name Lookups.
[[0;32m  OK  [0m] Reached target User and Group Name Lookups.
[   26.580091] systemd[1]: Listening on Device-mapper event daemon FIFOs.
[[0;32m  OK  [0m] Listening on Device-mapper event daemon FIFOs.
[   26.589616] systemd[1]: Starting Uncomplicated firewall...
         Starting Uncomplicated firewall...
[   26.653629] systemd[1]: Starting Set console keymap...
         Starting Set console keymap...
[   26.663630] systemd[1]: Mounting Huge Pages File System...
         Mounting Huge Pages File System...
[   26.685805] systemd[1]: Started Trigger resolvconf update for networkd DNS.
[[0;32m  OK  [0m] Started Trigger resolvconf update for networkd DNS.
[   26.856022] systemd[1]: Listening on udev Control Socket.
[[0;32m  OK  [0m] Listening on udev Control Socket.
[   26.864580] systemd[1]: Created slice system-serial\x2dgetty.slice.
[[0;32m  OK  [0m] Created slice system-serial\x2dgetty.slice.
[   26.866851] systemd[1]: Listening on Syslog Socket.
[[0;32m  OK  [0m] Listening on Syslog Socket.
[   26.881500] systemd[1]: Mounting POSIX Message Queue File System...
         Mounting POSIX Message Queue File System...
[   26.896346] systemd[1]: Listening on udev Kernel Socket.
[[0;32m  OK  [0m] Listening on udev Kernel Socket.
[   26.899033] systemd[1]: Mounting Debug File System...
         Mounting Debug File System...
[   26.909640] systemd[1]: Reached target Swap.
[[0;32m  OK  [0m] Reached target Swap.
[   27.073684] systemd[1]: Starting Nameserver information manager...
         Starting Nameserver information manager...
[   27.082813] systemd[1]: Listening on LVM2 metadata daemon socket.
[[0;32m  OK  [0m] Listening on LVM2 metadata daemon socket.
[   27.099071] systemd[1]: Starting Monitoring of LVM2 mirrors, snapshots etc. using dmeventd or progress polling...
         Starting Monitoring of LVM2 mirrors... dmeventd or progress polling...
[   27.102663] systemd[1]: Listening on Journal Socket (/dev/log).
[[0;32m  OK  [0m] Listening on Journal Socket (/dev/log).
[   27.105984] systemd[1]: Starting Remount Root and Kernel File Systems...
         Starting Remount Root and Kernel File Systems...
[   27.114034] systemd[1]: Listening on Journal Audit Socket.
[[0;32m  OK  [0m] Listening on Journal Audit Socket.
[   27.120528] systemd[1]: Starting Journal Service...
         Starting Journal Service...
[   27.137603] systemd[1]: Listening on LVM2 poll daemon socket.
[[0;32m  OK  [0m] Listening on LVM2 poll daemon socket.
[   27.198910] EXT4-fs (sda1): re-mounted. Opts: (null)
[   27.285899] systemd[1]: Starting Load Kernel Modules...
         Starting Load Kernel Modules...
[   27.489725] systemd[1]: Mounted POSIX Message Queue File System.
[[0;32m  OK  [0m] Mounted POSIX Message Queue File System.
[   27.670077] systemd[1]: Mounted Huge Pages File System.
[[0;32m  OK  [0m] Mounted Huge Pages File System.
[   27.680631] systemd[1]: Mounted Debug File System.
[[0;32m  OK  [0m] Mounted Debug File System.
[   27.684087] systemd[1]: Started Create list of required static device nodes for the current kernel.
[   27.689215] Loading iSCSI transport class v2.0-870.
[[0;32m  OK  [0m] Started Create list of required sta...ce nodes for the current kernel.
[   27.709680] systemd[1]: Started Uncomplicated firewall.
[[0;32m  OK  [0m] Started Uncomplicated firewall.
[   27.721893] systemd[1]: Started Set console keyaap.
[[0;32m  OK  [0m] Started Set console keymap.
[   27.942458] systemd[1]: Started Remount Root and Kernel File Systems.
[[0;32m  OK  [0m] Started Remount Root and Kernel File Systems.
[   28.411275] systemd[1]: Started Nameserver information manager.
[   28.437712] iscsi: registered transport (tcp)
[[0;32m  OK  [0m] Started Nameserver information manager.
[   28.442175] systemd[1]: Started Journal Service.
[[0;32m  OK  [0m] Started Journal Service.
[[0;32m  OK  [0m] Started LVM2 metadata daemon.
         Starting Flush Journal to Persistent Storage...
         Starting Load/Save Random Seed...
         Starting udev Coldplug all Devices...
         Starting Initial cloud-init job (pre-networking)...
         Starting Create Static Device Nodes in /dev...
[   28.739251] iscsi: registered transport (iser)
[[0;32m  OK  [0m] Started Load Kernel Modules.
[   28.803945] systemd-journald[399]: Received request to flush runtime journal from PID 1
         Starting Apply Kernel Variables...
         Mounting FUSE Control File System...
[[0;32m  OK  [0m] Mounted FUSE Control File System.
[[0;32m  OK  [0m] Started udev Coldplug all Devices.
[[0;32m  OK  [0m] Started Flush Journal to Persistent Storage.
[[0;32m  OK  [0m] Started Load/Save Random Seed.
[[0;32m  OK  [0m] Started Monitoring of LVM2 mirrors,...ng dmeventd or progress polling.
[[0;32m  OK  [0m] Started Apply Kernel Variables.
[[0;32m  OK  [0m] Started Create Static Device Nodes in /dev.
         Starting udev Kernel Device Manager...
[[0;32m  OK  [0m] Started udev Kernel Device Manager.
[[0;32m  OK  [0m] Started Dispatch Password Requests to Console Directory Watch.
[[0;32m  OK  [0m] Reached target Local File Systems (Pre).
[[0;32m  OK  [0m] Reached target Local File Systems.
         Starting Tell Plymouth To Write Out Runtime Data...
         Starting Set console font and keymap...
         Starting LSB: AppArmor initialization...
         Starting Create Volatile Files and Directories...
[[0;32m  OK  [0m] Started Tell Plymouth To Write Out Runtime Data.
[[0;32m  OK  [0m] Found device /dev/ttyS0.
[[0;32m  OK  [0m] Started Set console font and keymap.
[[0;32m  OK  [0m] Created slice system-getty.slice.
[[0;32m  OK  [0m] Found device 82540EM Gigabit Ethern...r (PRO/1000 MT Desktop Adapter).
[[0;32m  OK  [0m] Found device 82540EM Gigabit Ethern...r (PRO/1000 MT Desktop Adapter).
[[0;32m  OK  [0m] Started Create Volatile Files and Directories.
[[0;32m  OK  [0m] Reached target System Time Synchronized.
         Starting Update UTMP about System Boot/Shutdown...
[[0;32m  OK  [0m] Listening on Load/Save RF Kill Switch Status /dev/rfkill Watch.
[[0;32m  OK  [0m] Started Update UTMP about System Boot/Shutdown.
[[0;32m  OK  [0m] Started LSB: AppArmor initialization.
[   31.721746] cloud-init[439]: Cloud-init v. 17.1 running 'init-local' at Sat, 27 Jan 2018 21:47:20 +0000. Up 30.99 seconds.
[[0;32m  OK  [0m] Started Initial cloud-init job (pre-networking).
[[0;32m  OK  [0m] Reached target Network (Pre).
[[0;32m  OK  [0m] Started ifup for enp0s3.
[[0;32m  OK  [0m] Started ifup for enp0s8.
         Starting Raise network interfaces...
[[0;32m  OK  [0m] Started Raise network interfaces.
[[0;32m  OK  [0m] Reached target Network.
         Starting Initial cloud-init job (metadata service crawler)...
[   33.814833] cloud-init[1058]: Cloud-init v. 17.1 running 'init' at Sat, 27 Jan 2018 21:47:22 +0000. Up 32.89 seconds.
[   33.936833] cloud-init[1058]: ci-info: ++++++++++++++++++++++++++++++++++++++Net device info++++++++++++++++++++++++++++++++++++++
[[0;32m  OK  [0m] Started Initial cloud-init job (metadata service crawler).
[   33.937301] cloud-init[1058]: ci-info: +--------+------+-----------------------------+---------------+-------+-------------------+
[   34.115424] cloud-init[1058]: ci-info: | Device |  Up  |           Address           |      Mask     | Scope |     Hw-Address    |
[   34.115945] cloud-init[1058]: ci-info: +--------+------+-----------------------------+---------------+-------+-------------------+
[[0;32m  OK  [0m] Reached target Network is Online.
[   34.116267] cloud-init[1058]: ci-info: | enp0s3 | True |          10.0.2.15          | 255.255.255.0 |   .   | 02:38:07:4c:82:85 |
[   34.130888] cloud-init[1058]: ci-info: | enp0s3 | True |  fe80::38:7ff:fe4c:8285/64  |       .       |  link | 02:38:07:4c:82:85 |
[   34.133739] cloud-init[1058]: ci-info: | enp0s8 | True |         192.168.2.20        | 255.255.255.0 |   .   | 08:00:27:a4:37:67 |
[   34.139468] cloud-init[1058]: ci-info: | enp0s8 | True | fe80::a00:27ff:fea4:3767/64 |       .       |  link | 08:00:27:a4:37:67 |
[   34.147225] cloud-init[1058]: ci-info: |   lo   | True |          127.0.0.1          |   255.0.0.0   |   .   |         .         |
[   34.147533] cloud-init[1058]: ci-info: |   lo   | True |           ::1/128           |       .       |  host |         .         |
[   34.147843] cloud-init[1058]: ci-info: +--------+------+-----------------------------+---------------+-------+-------------------+
[   34.148325] cloud-init[1058]: ci-info: +++++++++++++++++++++++++++Route IPv4 info++++++++++++++++++++++++++++
[   34.148625] cloud-init[1058]: ci-info: +-------+-------------+----------+---------------+-----------+-------+
[   34.148925] cloud-init[1058]: ci-info: | Route | Destination | Gateway  |    Genmask    | Interface | Flags |
[   34.149230] cloud-init[1058]: ci-info: +-------+-------------+----------+---------------+-----------+-------+
[   34.149631] cloud-init[1058]: ci-info: |   0   |   0.0.0.0   | 10.0.2.2 |    0.0.0.0    |   enp0s3  |   UG  |
         Starting iSCSI initiator daemon (iscsid)...
[   34.149820] cloud-init[1058]: ci-info: |   1   |   10.0.2.0  | 0.0.0.0  | 255.255.255.0 |   enp0s3  |   U   |
[   34.606113] cloud-init[1058]: ci-info: |   2   | 192.168.2.0 | 0.0.0.0  | 255.255.255.0 |   enp0s8  |   U   |
[[0;32m  OK  [0m] Reached target System Initialization.
[   34.606497] cloud-init[1058]: ci-info: +-------+-------------+----------+---------------+-----------+-------+
         Starting LXD - unix socket.
[[0;32m  OK  [0m] Listening on ACPID Listen Socket.
[[0;32m  OK  [0m] Started Timer to automatically refresh installed snaps.
[[0;32m  OK  [0m] Started Daily apt download activities.
[[0;32m  OK  [0m] Listening on D-Bus System Message Bus Socket.
[[0;32m  OK  [0m] Listening on UUID daemon activation socket.
[[0;32m  OK  [0m] Started ACPI Events Check.
[[0;32m  OK  [0m] Reached target Paths.
         Starting Docker Socket for the API.
         Starting Socket activation for snappy daemon.
[[0;32m  OK  [0m] Started Daily apt upgrade and clean activities.
[[0;32m  OK  [0m] Started Daily Cleanup of Temporary Directories.
[[0;32m  OK  [0m] Reached target Timers.
[[0;32m  OK  [0m] Reached target Cloud-config availability.
[[0;32m  OK  [0m] Listening on LXD - unix socket.
[[0;32m  OK  [0m] Listening on Docker Socket for the API.
[[0;32m  OK  [0m] Listening on Socket activation for snappy daemon.
[[0;32m  OK  [0m] Started iSCSI initiator daemon (iscsid).
         Starting Login to default iSCSI targets...
[[0;32m  OK  [0m] Reached target Sockets.
[[0;32m  OK  [0m] Reached target Basic System.
[[0;32m  OK  [0m] Started Unattended Upgrades Shutdown.
[[0;32m  OK  [0m] Started D-Bus System Message Bus.
         Starting /etc/rc.local Compatibility...
         Starting Docker Application Container Engine...
         Starting Accounts Service...
[[0;32m  OK  [0m] Started ACPI event daemon.
[[0;32m  OK  [0m] Started Regular background program processing daemon.
[[0;32m  OK  [0m] Started FUSE filesystem for LXC.
         Starting Apply the settings specified in cloud-config...
         Starting LSB: Record successful boot for GRUB...
         Starting LSB: MD monitoring daemon...
         Starting Snappy daemon...
         Starting System Logging Service...
[[0;32m  OK  [0m] Started Deferred execution scheduler.
         Starting LXD - container startup/shutdown...
         Starting Login Service...
         Starting OpenBSD Secure Shell server...
[[0;32m  OK  [0m] Started /etc/rc.local Compatibility.
[[0;32m  OK  [0m] Started Login Service.
[[0;32m  OK  [0m] Started LSB: MD monitoring daemon.
[[0;32m  OK  [0m] Started Login to default iSCSI targets.
[[0;32m  OK  [0m] Reached target Remote File Systems (Pre).
[[0;32m  OK  [0m] Reached target Remote File Systems.
         Starting LSB: Set the CPU Frequency Scaling governor to "ondemand"...
         Starting LSB: daemon to balance interrupts for SMP systems...
         Starting LSB: automatic crash report generation...
         Starting LSB: VirtualBox Linux Additions...
[   36.876704] cloud-init[1136]: Cloud-init v. 17.1 running 'modules:config' at Sat, 27 Jan 2018 21:47:25 +0000. Up 36.04 seconds.
         Starting LSB: Set up cgroupfs mounts....
         Starting Permit User Sessions...
[[0;32m  OK  [0m] Started System Logging Service.
[[0;32m  OK  [0m] Started Apply the settings specified in cloud-config.
[[0;32m  OK  [0m] Started LSB: Set up cgroupfs mounts..
[[0;32m  OK  [0m] Started Permit User Sessions.
[[0;32m  OK  [0m] Started LSB: Set the CPU Frequency Scaling governor to "ondemand".
         Starting Terminate Plymouth Boot Screen...
         Starting Hold until boot process finishes up...
[[0;32m  OK  [0m] Started Terminate Plymouth Boot Screen.
[[0;32m  OK  [0m] Started Hold until boot process finishes up.
[[0;32m  OK  [0m] Started Getty on tty1.
[[0;32m  OK  [0m] Started Serial Getty on ttyS0.
[[0;32m  OK  [0m] Reached target Login Prompts.
         Starting Set console scheme...
[[0;32m  OK  [0m] Started LSB: daemon to balance interrupts for SMP systems.
[[0;32m  OK  [0m] Started LSB: automatic crash report generation.
[[0;32m  OK  [0m] Started Set console scheme.
[[0;32m  OK  [0m] Started LSB: Record successful boot for GRUB.
         Starting Authenticate and Authorize Users to Run Privileged Tasks...
[[0;32m  OK  [0m] Started OpenBSD Secure Shell server.
[[0;32m  OK  [0m] Started LSB: VirtualBox Linux Additions.
[[0;32m  OK  [0m] Created slice User Slice of vagrant.
         Starting User Manager for UID 1000...
[[0;32m  OK  [0m] Started Session 1 of user vagrant.
[[0;32m  OK  [0m] Started Snappy daemon.
[[0;32m  OK  [0m] Started User Manager for UID 1000.
[[0;32m  OK  [0m] Started Authenticate and Authorize Users to Run Privileged Tasks.
[[0;32m  OK  [0m] Started Accounts Service.

Ubuntu 16.04.3 LTS VM-2 ttyS0

VM-2 login: [   56.747187] cloud-init[1836]: Cloud-init v. 17.1 running 'modules:final' at Sat, 27 Jan 2018 21:47:46 +0000. Up 56.52[[0;32m  OK  [0m] Stopped           Stopping Serial Getty on ttyS0...
         Stopping Getty on tty1...
         Stopping Regular background program processing daemon...
         Stopping LSB: Set up cgroupfs mounts....
         Stopping LSB: daemon to balance interrupts for SMP systems...
         Stopping LSB: automatic crash report generation...
         Stopping OpenBSD Secure Shell server...
         Stopping FUSE filesystem for LXC...
         Stopping D-Bus System Message Bus...
         Stopping Unattended Upgrades Shutdown...
         Stopping LSB: Set the CPU Frequency Scaling governor to "ondemand"...
         Stopping Deferred execution scheduler...
         Stopping LSB: VirtualBox Linux Additions...
         Stopping Snappy daemon...
[[0;32m  OK  [0m] Stopped target Timers.
[[0;32m  OK  [0m] Stopped Daily Cleanup of Temporary Directories.
[[0;32m  OK  [0m] Stopped Timer to automatically refresh installed snaps.
[[0;32m  OK  [0m] Stopped Daily apt upgrade and clean activities.
[[0;32m  OK  [0m] Stopped Daily apt download activities.
[[0;32m  OK  [0m] Stopped target System Time Synchronized.
[[0;32m  OK  [0m] Unmounted /var/lib/docker/overlay2.
[[0;32m  OK  [0m] Unmounted /var/lib/docker/plugins.
[[0;32m  OK  [0m] Unmounted /var/lib/lxcfs.
[[0;32m  OK  [0m] Stopped ACPI event daemon.
[[0;32m  OK  [0m] Stopped Regular background program processing daemon.
[[0;32m  OK  [0m] Stopped System Logging Service.
[[0;32m  OK  [0m] Stopped OpenBSD Secure Shell server.
[[0;32m  OK  [0m] Stopped Accounts Service.
[[0;32m  OK  [0m] Stopped Deferred execution scheduler.
[[0;32m  OK  [0m] Stopped Snappy daemon.
[[0;32m  OK  [0m] Stopped Authenticate and Authorize Users to Run Privileged Tasks.
[[0;32m  OK  [0m] Stopped Serial Getty on ttyS0.
[[0;32m  OK  [0m] Stopped Getty on tty1.
[[0;32m  OK  [0m] Stopped User Manager for UID 1000.
[[0;32m  OK  [0m] Stopped Session 22 of user vagrant.
[[0;32m  OK  [0m] Stopped LSB: Set up cgroupfs mounts..
[[0;32m  OK  [0m] Stopped D-Bus System Message Bus.
[[0;32m  OK  [0m] Stopped Unattended Upgrades Shutdown.
[[0;32m  OK  [0m] Stopped FUSE filesystem for LXC.
[[0;32m  OK  [0m] Stopped LSB: Record successful boot for GRUB.
[[0;32m  OK  [0m] Stopped LSB: MD monitoring daemon.
[[0;32m  OK  [0m] Stopped LXD - container startup/shutdown.
[[0;32m  OK  [0m] Stopped LSB: daemon to balance interrupts for SMP systems.
[[0;32m  OK  [0m] Stopped LSB: automatic crash report generation.
[[0;32m  OK  [0m] Stopped LSB: Set the CPU Frequency Scaling governor to "ondemand".
[[0;32m  OK  [0m] Stopped LSB: VirtualBox Linux Additions.
[[0;32m  OK  [0m] Removed slice User Slice of vagrant.
         Stopping Login Service...
[[0;32m  OK  [0m] Removed slice system-getty.slice.
[[0;32m  OK  [0m] Stopped /etc/rc.local Compatibility.
         Stopping Permit User Sessions...
[[0;32m  OK  [0m] Removed slice system-serial\x2dgetty.slice.
[[0;32m  OK  [0m] Stopped Login Service.
[[0;32m  OK  [0m] Stopped Docker Application Container Engine.
[[0;32m  OK  [0m] Stopped Permit User Sessions.
[[0;32m  OK  [0m] Stopped target Remote File Systems.
[[0;32m  OK  [0m] Stopped target Remote File Systems (Pre).
         Stopping Login to default iSCSI targets...
[[0;32m  OK  [0m] Stopped target Basic System.
[[0;32m  OK  [0m] Stopped target Paths.
[[0;32m  OK  [0m] Stopped Forward Password Requests to Wall Directory Watch.
[[0;32m  OK  [0m] Stopped Dispatch Password Requests to Console Directory Watch.
[[0;32m  OK  [0m] Stopped ACPI Events Check.
[[0;32m  OK  [0m] Stopped target Sockets.
[[0;32m  OK  [0m] Closed UUID daemon activation socket.
[[0;32m  OK  [0m] Closed LXD - unix socket.
[[0;32m  OK  [0m] Closed ACPID Listen Socket.
[[0;32m  OK  [0m] Closed Socket activation for snappy daemon.
[[0;32m  OK  [0m] Closed Syslog Socket.
[[0;32m  OK  [0m] Closed Docker Socket for the API.
[[0;32m  OK  [0m] Stopped target Slices.
[[0;32m  OK  [0m] Stopped target User and Group Name Lookups.
[[0;32m  OK  [0m] Closed D-Bus System Message Bus Socket.
[[0;32m  OK  [0m] Removed slice User and Session Slice.
[[0;32m  OK  [0m] Stopped target System Initialization.
         Stopping Load/Save Random Seed...
[[0;32m  OK  [0m] Stopped target Encrypted Volumes.
         Stopping Update UTMP about System Boot/Shutdown...
[[0;32m  OK  [0m] Stopped target Swap.
[[0;32m  OK  [0m] Stopped Load/Save Random Seed.
[[0;32m  OK  [0m] Stopped Update UTMP about System Boot/Shutdown.
[[0;32m  OK  [0m] Stopped Login to default iSCSI targets.
         Stopping iSCSI initiator daemon (iscsid)...
[[0;32m  OK  [0m] Stopped Create Volatile Files and Directories.
[[0;32m  OK  [0m] Stopped iSCSI initiator daemon (iscsid).
[[0;32m  OK  [0m] Stopped target Network is Online.
[[0;32m  OK  [0m] Stopped Initial cloud-init job (metadata service crawler).
[[0;32m  OK  [0m] Stopped target Network.
         Stooping Raise network interfaces...
[[0;32m  OK  [0m] Stopped Raise network interfaces.
[[0;32m  OK  [0m] Stopped Apply Kernel Variables.
[[0;32m  OK  [0m] Stopped Load Kernel Modules.
[[0;32m  OK  [0m] Stopped target Local File Systems.
         Unmounting /run/user/1000...
         Unmounting /vagrant...
[[0;32m  OK  [0m] Stopped target Network (Pre).
[[0;32m  OK  [0m] Stopped Initial cloud-init job (pre-networking).
[[0;32m  OK  [0m] Unmounted /run/user/1000.
[[0;32m  OK  [0m] Unmounted /vagrant.
[[0;32m  OK  [0m] Reached target Unmount All Filesystems.
[[0;32m  OK  [0m] Stopped target Local File Systems (Pre).
[[0;32m  OK  [0m] Stopped Create Static Device Nodes in /dev.
[[0;32m  OK  [0m] Stopped Remount Root and Kernel File Systems.
[[0;32m  OK  [0m] Reached target Shutdown.
[ 780751reboot: Power down