[  0.000000] Initializing cgroup subyscpuset
[    0.000000] Initializing cgroup subsys cpu
[    0.000000] Initializing cgroup subsys cpuacct
[    0.000000] Linux version 4.4.0-109-generic (buildd@lgw01-amd64-038) (gcc version 5.4.0 20160609 (Ubuntu 5.4.0-6ubuntu1~16.04.5) ) #132-Ubuntu SMP Tue Jan 9 19:52:39 UTC 2018 (Ubuntu 4.4.0-109.132-generic 4.4.98)
[    0.000000] Command line: BOOT_IMAGE=/boot/vmlinuz-4.4.0-109-generic root=LABEL=cloudimg-rootfs ro console=tty1 console=ttyS0
[    0.000000] KERNEL supported cpus:
[    0.000000]   Intel GenuineIntel
[    0.000000]   AMD AuthenticAMD
[    0.000000]   Centaur CentaurHauls
[    0.000000] x86/fpu: xstate_offset[2]:  576, xstate_sizes[2]:  256
[    0.000000 x86/fpu: Supporting XSAVE feature 0x01: 'x87 floating point registers'
[    0.000000] x86/fpu: Supporting XSAVE feature 0x02: 'SSE registers'
[    0.000000] x86/fpu: Supporting XSAVE feature 0x04: 'AVX registers'
[    0.000000] x86/fpu: Enabled xstate features 0x7, context size is 832 bytes, using 'standard' format.
[    0.000000] x86/fpu: Using 'lazy' FPU context switches.
[    0.000000] e820: BIOS-provided physical RAM map:
[    0.000000] BIOS-e820: [mem 0x0000000000000000-0x000000000009fbff] usable
[    0.000000] BIOS-e820: [mem 0x000000000009fc00-0x000000000009ffff] reserved
[    0.000000] BIOS-e820: [mem 0x00000000000f0000-0x00000000000fffff] reserved
[    0.000000] BIOS-e820: [mem 0x0000000000100000-0x000000005f3effff] usable
[    0.000000] BIOS-e820: [mem 0x000000005f3f0000-0x000000005f3fffff] ACPI data
[    0.000000] BIOS-e820: [mem 0x00000000fec00000-0x00000000fec00fff] reserved
[    0.000000] BIOS-e820: [mem 0x00000000fee00000-0x00000000fee00fff] reserved
[    0.000000] BIOS-e820: [mem 0x00000000fffc0000-0x00000000ffffffff] reserved
[    0.000000] NX (Execute Disable) protection: active
[    0.000000] SMBIOS 2.5 present.
[    0.000000] Hypervisor detected: KVM
[    0.000000] e820: last_pfn = 0x5f3f0 max_arch_pfn = 0x400000000
[    0.000000] MTRR: Disabled
[    0.000000] x86/PAT: MTRRs disabled, skipping PAT initialization too.
[    0.000000] CPU MTRRs all blank - virtualized system.
[    0.000000] x86/PAT: Configuration [0-7]: WB  WT  UC- UC  WB  WT  UC- UC  
[    0.000000] found SMP MP-table at [mem 0x0009fff0-0x0009ffff] mapped at [ffff88000009fff0]
[    0.000000] Scanning 1 areas for low memory corruption
[    0.000000] RAMDISK: [mem 0x36adc000-0x37565fff]
[    0.000000] ACPI: Early table checksum verification disabled
[    0.000000] ACPI: RSDP 0x00000000000E0000 000024 (v02 VBOX  )
[    0.000000] ACPI: XSDT 0x000000005F3F0030 00003C (v01 VBOX   VBOXXSDT 00000001 ASL  00000061)
[    0.000000] ACPI: FACP 0x000000005F3F00F0 0000F4 (v04 VBOX   VBOXFACP 00000001 ASL  00000061)
[    0.000000] ACPI: DSDT 0x000000005F3F0470 0021FF (v02 VBOX   VBOXBIOS 00000002 INTL 20140214)
[    0.000000] ACPI: FACS 0x000000005F3F0200 000040
[    0.000000] ACPI: FACS 0x000000005F3F0200 000040
[    0.000000] ACPI: APIC 0x000000005F3F0240 00005C (v02 VBOX   VBOXAPIC 00000001 ASL  00000061)
[    0.000000] ACPI: SSDT 0x000000005F3F02A0 0001CC (v01 VBOX   VBOXCPUT 00000002 INTL 20140214)
[    0.000000] No NUMA configuration found
[    0.000000] Faking a node at [mem 0x0000000000000000-0x000000005f3effff]
[    0.000000] NODE_DATA(0) allocated [mem 0x5f3eb000-0x5f3effff]
[    0.000000] kvm-clock: Using msrs 4b564d01 and 4b564d00
[    0.000000] kvm-clock: cpu 0, msr 0:5f3e3001, primary cpu clock
[    0.000000] kvm-clock: using sched offset of 18625224640 cycles
[    0.000000] clocksource: kvm-clock: mask: 0xffffffffffffffff max_cycles: 0x1cd42e4dffb, max_idle_ns: 881590591483 ns
[    0.000000] Zone ranges:
[    0.000000]   DMA      [mem 0x0000000000001000-0x0000000000ffffff]
[    0.000000]   DMA32    [mem 0x0000000001000000-0x000000005f3effff]
[    0.000000]   Normal   empty
[    0.000000]   Device   empty
[    0.000000] Movable zone start for each node
[    0.000000] Early memory node ranges
[    0.000000]   node   0: [mem 0x0000000000001000-0x000000000009efff]
[    0.000000]   node   0: [mem 0x0000000000100000-0x000000005f3effff]
[    0.000000] Initmem setup node 0 [mem 0x0000000000001000-0x000000005f3effff]
[    0.000000] ACPI: PM-Timer IO Port: 0x4008
[    0.000000] IOAPIC[0]: apic_id 2, version 32, address 0xfec00000, GSI 0-23
[    0.000000] ACPI: INT_SRC_OVR (bus 0 bus_irq 0 global_irq 2 dfl dfl)
[    0.000000] ACPI: INT_SRC_OVR (bus 0 bus_irq 9 global_irq 9 low level)
[    0.000000] Using ACPI (MADT) for SMP configuration information
[    0.000000] smpboot: Allowing 2 CPUs, 0 hotplug CPUs
[    0.000000] PM: Registered nosave memory: [mem 0x00000000-0x00000fff]
[    0.000000] PM: Registered nosave memory: [mem 0x0009f000-0x0009ffff]
[    0.000000] PM: Registered nosave memory: [mem 0x000a0000-0x000effff]
[    0.000000] PM: Registered nosave memory: [mem 0x000f0000-0x000fffff]
[    0.000000] e820: [mem 0x5f400000-0xfebfffff] available for PCI devices
[    0.000000] Booting paravirtualized kernel on KVM
[    0.000000] clocksource: refined-jiffies: mask: 0xffffffff max_cycles: 0xffffffff, max_idle_ns: 7645519600211568 ns
[    0.000000] setup_percpu: NR_CPUS:512 nr_cpumask_bits:512 nr_cpu_ids:2 nr_node_ids:1
[    0.000000] PERCPU: Embedded 34 pages/cpu @ffff88005f000000 s99544 r8192 d31528 u1048576
[    0.000000] PV qspinlock hash table entries: 256 (order: 0, 4096 bytes)
[    0.000000] Built 1 zonelists in Node order, mobility grouping on.  Total pages: 383913
[    0.000000] Policy zone: DMA32
[    0.000000] Kernel command line: BOOT_IMAGE=/boot/vmlinuz-4.4.0-109-generic root=LABEL=cloudimg-rootfs ro console=tty1 console=ttyS0
[    0.000000] PID hash table entries: 4096 (order: 3, 32768 bytes)
[    0.000000] Memory: 1505548K/1560120K available (8485K kernel code, 1308K rwdata, 3988K rodata, 1508K init, 1316K bss, 54572K reserved, 0K cma-reserved)
[    0.000000] SLUB: HWalign=64, Order=0-3, MinObjects=0, CPUs=2, Nodes=1
[    0.000000] Kernel/User page tables isolation: enabled
[    0.000000] Hierarchical RCU implementation.
[    0.000000] 	Build-time adjustment of leaf fanout to 64.
[    0.000000] 	RCU restricting CPUs from NR_CPUS=512 to nr_cpu_ids=2.
[    0.000000] RCU: Adjusting geometry for rcu_fanout_leaf=64, nr_cpu_ids=2
[    0.000000] NR_IRQS:33024 nr_irqs:440 16
[    0.000000] Console: colour VGA+ 80x25
[    0.000000] console [tty1] enabled
[    0.000000] console [ttyS0] enabled
[    0.000000] tsc: Detected 2394.558 MHz processor
[    0.502144] Calibrating delay loop (skipped) preset value.. 4789.11 BogoMIPS (lpj=9578232)
[    0.503560] pid_max: default: 32768 minimum: 301
[    0.504327] ACPI: Core revision 20150930
[    0.505926] ACPI: 2 ACPI AML tables successfully acquired and loaded
[    0.507080] Security Framework initialized
[    0.507782] Yama: becoming mindful.
[    0.508423] AppArmor: AppArmor initialized
[   .509666] Dentry cache hash table entries: 262144 (order: 9, 2097152 bytes)
[    0.606305] Inode-cache hash table entries: 131072 (order: 8, 1048576 bytes)
[    0.626821] Mount-cache hash table entries: 4096 (order: 3, 32768 bytes)
[    0.634061] Mountpoint-cache hash table entries: 4096 (order: 3, 32768 bytes)
[    0.653994] Initializing cgroup subsys io
[    0.654699] Initializing cgroup subsys memory
[    0.655411] Initializing cgroup subsys devices
[    0.656162] Initializing cgroup subsys freezer
[    0.656878] Initializing cgroup subsys net_cls
[    0.657656] Initializing cgroup subsys perf_event
[    0.658428] Initializing cgroup subsys net_prio
[    0.659196] Initializing cgroup subsys hugetlb
[    0.659957] Initializing cgroup subsys pids
[    0.660751] CPU: Physical Processor ID: 0
[    0.661479] CPU: Processor Core ID: 0
[    0.662432] mce: CPU supports 0 MCE banks
[    0.663123] Last level iTLB entries: 4KB 512, 2MB 8, 4MB 8
[    0.664269] Last level dTLB entries: 4KB 512, 2MB 32, 4MB 32, 1GB 0
[    0.719362] Freeing SMP alternatives memory: 32K
[    0.730184] ftrace: allocating 32171 entries in 126 pages
[    0.858475] smpboot: APIC(0) Converting physical 0 to logical package 0
[    0.922353] smpboot: Max logical packages: 1
[    0.950491] x2apic enabled
[    0.976492] Switched APIC routing to physical x2apic.
[    0.978459] ..TIMER: vector=0x30 apic1=0 pin1=2 apic2=-1 pin2=-1
[    1.089501] smpboot: CPU0: Intel(R) Core(TM) i7-3630QM CPU @ 2.40GHz (family: 0x6, model: 0x3a, stepping: 0x9)
[    1.225103] Performance Events: unsupported p6 CPU model 58 no PMU driver, software events only.
[    1.244906] KVM setup paravirtual spinlock
[    1.265815] x86: Booting SMP configuration:
[    1.381413] .... node  #0, CPUs:      #1
[    1.432741] kvm-clock: cpu 1, msr 0:5f3e3041, secondary cpu clock
[    1.434099] mce: CPU supports 0 MCE banks
[    1.436710] x86: Booted up 1 node, 2 CPUs
[    1.438650] smpboot: Total of 2 processors activated (9578.23 BogoMIPS)
[    1.440032] devtmpfs: initialized
[    1.443452] evm: security.selinux
[    1.445166] evm: security.SMACK64
[    1.445798] evm: security.SMACK64EXEC
[    1.446453] evm: security.SMACK64TRANSMUTE
[    1.447151] evm: security.SMACK64MMAP
[    1.447813] evm: security.ima
[    1.449447] evm: security.capability
[    1.450343] clocksource: jiffies: mask: 0xffffffff max_cycles: 0xffffffff, max_idle_ns: 7645041785100000 ns
[    1.451884] futex hash table entries: 512 (order: 3, 32768 bytes)
[    1.454028] pinctrl core: initialized pinctrl subsystem
[    1.454989] RTC time: 13:08:39, date: 01/28/18
[    1.455889] NET: Registered protocol family 16
[    1.465750] cpuidle: using governor ladder
[    1.593527] cpuidle: using governor menu
[    1.674195] PCCT header not found.
[    1.699278] ACPI: bus type PCI registered
[    1.699984] acpiphp: ACPI Hot Plug PCI Controller Driver version: 0.5
[    1.706004] PCI: Using configuration type 1 for base access
[    1.718729] ACPI: Added _OSI(Module Device)
[    1.821191] ACPI: Added _OSI(Processor Device)
[    1.902195] ACPI: Added _OSI(3.0 _SCP Extensions)
[    1.904710] ACPI: Added _OSI(Processor Aggregator Device)
[    1.907354] ACPI: Executed 1 blocks of module-level executable AML code
[    1.916730] ACPI: Interpreter enabled
[    1.938661] ACPI: (supports S0 S5)
[    1.946947] ACPI: Using IOAPIC for interrupt routing
[    1.968723] PCI: Using host bridge windows from ACPI; if necessary, use "pci=nocrs" and report a bug
[    1.974481] ACPI: PCI Root Bridge [PCI0] (domain 0000 [bus 00-ff])
[    2.014339] acpi PNP0A03:00: _OSC: OS supports [ASPM ClockPM Segments MSI]
[    2.015347] acpi PNP0A03:00: _OSC: not requesting OS control; OS requires [ExtendedConfig ASPM ClockPM MSI]
[    2.022146] acpi PNP0A03:00: fail to add MMCONFIG information, can't access extended PCI configuration space under this bridge.
[    2.026980] PCI host bridge to bus 0000:00
[    2.041087] pci_bus 0000:00: root bus resource [io  0x0000-0x0cf7 window]
[    2.042113] pci_bus 0000:00: root bus resource [io  0x0d00-0xffff window]
[    2.066549] pci_bus 0000:00: root bus resource [mem 0x000a0000-0x000bffff window]
[    2.067819] pci_bus 0000:00: root bus resource [mem 0x5f400000-0xfdffffff window]
[    2.082367] pci_bus 0000:00: root bus resource [bus 00-ff]
[    2.084818] pci 0000:00:01.1: legacy IDE quirk: reg 0x10: [io  0x01f0-0x01f7]
[    2.280671] pci 0000:00:01.1: legacy IDE quirk: reg 0x14: [io  0x03f6]
[    2.285190] pci 0000:00:01.1: legacy IDE quirk: reg 0x18: [io  0x0170-0x0177]
[    2.361093] pci 0000:00:01.1: legacy IDE quirk: reg 0x1c: [io  0x0376]
[    2.382205] pci 0000:00:07.0: quirk: [io  0x4000-0x403f] claimed by PIIX4 ACPI
[    2.405584] pci 0000:00:07.0: quirk: [io  0x4100-0x410f] claimed by PIIX4 SMB
[    2.428490] ACPI: PCI Interrupt Link [LNKA] (IRQs 5 9 10 *11)
[    2.458794] ACPI: PCI Interrupt Link [LNKB] (IRQs 5 9 *10 11)
[    2.509855] ACPI: PCI Interrupt Link [LNKC] (IRQs 5 *9 10 11)
[    2.512271] ACPI: PCI Interrupt Link [LNKD] (IRQs 5 9 10 *11)
[    2.513660] ACPI: Enabled 2 GPEs in block 00 to 07
[    2.514868] vgaarb: setting as boot device: PCI:0000:00:02.0
[    2.515748] vgaarb: device added: PCI:0000:00:02.0,decodes=io+mem,owns=io+mem,locks=none
[    2.517090] vgaarb: loaded
[    2.518700] vgaarb: bridge control possible 0000:00:02.0
[    2.519814] SCSI subsystem initialized
[    2.520605] ACPI: bus type USB registered
[    2.521339] usbcore: registered new interface driver usbfs
[    2.522232] usbcore: registered new interface driver hub
[    2.523077] usbcore: registered new device driver usb
[    2.524502] PCI: Using ACPI for IRQ routing
[    2.526590] NetLabel: Initializing
[    2.527212] NetLabel:  domain hash size = 128
[    2.527968] NetLabel:  protocols = UNLABELED CIPSOv4
[    2.528804] NetLabel:  unlabeled traffic allowed by default
[    2.529874] amd_nb: Cannot enumerate AMD northbridges
[    2.536026] clocksource: Switched to clocksource kvm-clock
[    2.543266] AppArmor: AppArmor Filesystem Enabled
  2.057]npPnAC it  3.66] p:PnP ACPI: found 3 devices
[    3.373233] clocksource: acpi_pm: mask: 0xffffff max_cycles: 0xffffff, max_idle_ns: 2085701024 ns
[    3.674901] NET: Registered protocol family 2
[    3.675799] TCP established hash table entries: 16384 (order: 5, 131072 bytes)
[    3.677098] TCP bind hash table entries: 16384 (order: 6, 262144 bytes)
[    3.678072] TCP: Hash tables configured (established 16384 bind 16384)
[    3.679022] UDP hash table entries: 1024 (order: 3, 32768 bytes)
[    3.679978] UDP-Lite hash table entries: 1024 (order: 3, 32768 bytes)
[    3.680952] NET: Registered protocol family 1
[    3.681666] pci 0000:00:00.0: Limiting direct PCI/PCI transfers
[    3.682545] pci 0000:00:01.0: Activating ISA DMA hang workarounds
[    3.683551] Unpacking initramfs...
[    5.345650] Freeing initrd memory: 10792K
[  5357]APPMdect, I niis^- Jle 3ix counters 10737418240 ms ovfl timer
[    6.41583]  ut  daipp-ce -0ous
[    6.895402] hw unit of domain package 2^-0 Joules
[    6.987033] hw unit of domain pp1-gpu 2^-0 Joules
[    6.994220] platform rtc_cmos: registered platform RTC device (no PNP device found)
[    7.004875] Scanning for low memory corruption every 60 seconds
[    7.006547] audit: initializing netlink subsys (disabled)
[    7.007658] audit: type=2000 audit(1517144942.321:1): initialized
[    7.009135] Initialise system trusted keyring
[    7.010210] HugeTLB registered 2 MB page size, pre-allocated 0 pages
[    7.012920] zbud: loaded
[    7.063193] VFS: Disk quotas dquot_6.6.0
[    7.133223] VFS: Dquot-cache hash table entries: 512 (order 0, 4096 bytes)
[    7.134510] squashfs: version 4.0 (2009/01/31) Phillip Lougher
[    7.138508] fuse init (API version 7.23)
[    7.141011] Key type big_key registered
[    7.144679] Allocating IMA MOK and blacklist keyrings.
[    7.146944] Key type asymmetric registered
[    7.148766] Asymmetric key parser 'x509' registered
[    7.149625] Block layer SCSI generic (bsg) driver version 0.4 loaded (major 249)
[    7.150941] io scheduler noop registered
[    7.151628] io scheduler deadline registered (default)
[    7.152538] io scheduler cfq registered
[    7.153310] pci_hotplug: PCI Hot Plug PCI Core version: 0.5
[    7.154183] pciehp: PCI Express Hot Plug Controller Driver version: 0.4
[    7.155295] ACPI: AC Adapter [AC] (on-line)
[    7.156115] input: Power Button as /devices/LNXSYSTM:00/LNXPWRBN:00/input/input0
[    7.157393] ACPI: Power Button [PWRF]
[    7.158136] input: Sleep Button as /devices/LNXSYSTM:00/LNXSLPBN:00/input/input1
[    7.159406] ACPI: Sleep Button [SLPF]
[    7.160853] ACPI: Battery Slot [BAT0] (battery present)
[    7.164994] GHES: HEST is not enabled!
[    7.169014] Serial: 8250/16550 driver, 32 ports, IRQ sharing enabled
[    7.194839] 00:02: ttyS0 at I/O 0x3f8 (irq = 4, base_baud = 115200) is a 16550A
[    7.495904] Linux agpgart interface v0.103
[    7.526357] loop: module loaded
[    7.796798] scsi host0: ata_piix
[    7.994033] tsc: Refined TSC clocksource calibration: 2393.729 MHz
[    7.994036] clocksource: tsc: mask: 0xffffffffffffffff max_cycles: 0x228113781f3, max_idle_ns: 440795227590 ns
[    8.074077] scsi host1: ata_piix
[    8.078395] ata1: PATA max UDMA/33 cmd 0x1f0 ctl 0x3f6 bmdma 0xd000 irq 14
[    8.081907] ata2: PATA max UDMA/33 cmd 0x170 ctl 0x376 bmdma 0xd008 irq 15
[    8.634542] libphy: Fixed MDIO Bus: probed
[    8.744578] tun: Universal TUN/TAP device driver, 1.6
[    8.745395] tun: (C) 1999-2004 Max Krasnyansky <maxk@qualcomm.com>
[    8.746412] PPP generic driver version 2.4.2
[    8.747223] ehci_hcd: USB 2.0 'Enhanced' Host Controller (EHCI) Driver
[    9.144570] ehci-pci: EHCI PCI platform driver
[    9.152198] ehci-platform: EHCI generic platform driver
[    9.154742] ohci_hcd: USB 1.1 'Open' Host Controller (OHCI) Driver
[    9.155723] ohci-pci: OHCI PCI platform driver
[    9.156490] ohci-platform: OHCI generic platform driver
[    9.157309] uhci_hcd: USB Universal Host Controller Interface driver
[    9.158336] i8042: PNP: PS/2 Controller [PNP0303:PS2K,PNP0f03:PS2M] at 0x60,0x64 irq 1,12
[    9.160341] serio: i8042 KBD port at 0x60,0x64 irq 1
[    9.161129] serio: i8042 AUX port at 0x60,0x64 irq 12
[    9.162075] mousedev: PS/2 mouse device common for all mice
[    9.163375] input: AT Translated Set 2 keyboard as /devices/platform/i8042/serio0/input/input2
[    9.165505] rtc_cmos rtc_cmos: rtc core: registered rtc_cmos as rtc0
[    9.170407] rtc_cmos rtc_cmos: alarms up to one day, 114 bytes nvram
[    9.171665] i2c /dev entries driver
[    9.172556] device-mapper: uevent: version 1.0.3
[    9.173620] device-mapper: ioctl: 4.34.0-ioctl (2015-10-28) initialised: dm-devel@redhat.com
[    9.175359] ledtrig-cpu: registered to indicate activity on CPUs
[    9.177170] NET: Registered protocol family 10
[    9.178332] NET: Registered protocol family 17
[    9.179281] Key type dns_resolver registered
[    9.185776] microcode: CPU0 sig=0x306a9, pf=0x2, revision=0x19
[    9.186990] microcode: CPU1 sig=0x306a9, pf=0x2, revision=0x19
[    9.188037] microcode: Microcode Update Driver: v2.01 <tigran@aivazian.fsnet.co.uk>, Peter Oruba
[    9.194332] registered taskstats version 1
[    9.195224] Loading compiled-in X.509 certificates
[    9.196941] Loaded X.509 cert 'Build time autogenerated kernel key: 96e61bd247bb6c4e82ca419795a98fcb171b0e99'
[    9.198887] zswap: loaded using pool lzo/zbud
[    9.202087] Key type trusted registered
[    9.209044] Key type encrypted registered
[    9.215270] AppArmor: AppArmor sha1 policy hashing enabled
[    9.216488] ima: No TPM chip found, activating TPM-bypass!
[    9.217600] evm: HMAC attrs: 0x1
[    9.218749]   Magic number: 2:516:130
[    9.219735] rtc_cmos rtc_cmos: setting system clock to 2018-01-28 13:08:46 UTC (1517144926)
[    9.222758] BIOS EDD facility v0.16 2004-Jun-25, 0 devices found
[    9.224240] EDD information not available.
[    9.230249] Freeing unused kernel memory: 1508K
[    9.232993] Write protecting the kernel read-only data: 14336k
[    9.234677] Freeing unused kernel memory: 1744K
[    9.235904] Freeing unused kernel memory: 108K
Loading, please wait...
starting version[    9.251920] random: systemd-udevd: uninitialized urandom read (16 bytes read, 2 bits of entropy available)
 229
[    9.252543] random: udevadm: uninitialized urandom read (16 bytes read, 2 bits of entropy available)
[    9.252570] random: udevadm: uninitialized urandom read (16 bytes read, 2 bits of entropy available)
[    9.264922] random: systemd-udevd: uninitialized urandom read (16 bytes read, 2 bits of entropy available)
[    9.266523] random: udevadm: uninitialized urandom read (16 bytes read, 2 bits of entropy available)
[    9.266580] random: udevadm: uninitialized urandom read (16 bytes read, 2 bits of entropy available)
[    9.266785] random: udevadm: uninitialized urandom read (16 bytes read, 2 bits of entropy available)
[    9.266864] random: udevadm: uninitialized urandom read (16 bytes read, 2 bits of entropy available)
[    9.266942] random: udevadm: uninitialized urandom read (16 bytes read, 2 bits of entropy available)
[    9.267024] random: udevadm: uninitialized urandom read (16 bytes read, 2 bits of entropy available)
[    9.458956] e1000: Intel(R) PRO/1000 Network Driver - version 7.3.21-k8-NAPI
[    9.474995] e1000: Copyright (c) 1999-2006 Intel Corporation.
[    9.481652] Fusion MPT base driver 3.04.20
[    9.514626] Copyright (c) 1999-2008 LSI Corporation
[    9.519614] Fusion MPT SPI Host driver 3.04.20
[    9.547133] AVX version of gcm_enc/dec engaged.
[    9.553517] AES CTR mode by8 optimization enabled
[    9.719494] input: ImExPS/2 Generic Explorer Mouse as /devices/platform/i8042/serio1/input/input4
[    9.875571] e1000 0000:00:03.0 eth0: (PCI:33MHz:32-bit) 02:38:07:4c:82:85
[    9.881852] e1000 0000:00:03.0 eth0: Intel(R) PRO/1000 Network Connection
[    9.886764] mptbase: ioc0: Initiating bringup
[   10.294171] ioc0: LSI53C1030 A0: Capabilities={Initiator}
[   10.955561] scsi host2: ioc0: LSI53C1030 A0, FwRev=00000000h, Ports=1, MaxQ=256, IRQ=20
[   11.985186] scsi 2:0:0:0: Direct-Access     VBOX     HARDDISK         1.0  PQ: 0 ANSI: 5
[   12.325457] scsi target2:0:0: Beginning Domain Validation
[   12.329459] scsi target2:0:0: Domain Validation skipping write tests
[   12.334305] scsi target2:0:0: Ending Domain Validation
[   12.336292] scsi target2:0:0: asynchronous
[   12.346556] scsi 2:0:1:0: Direct-Access     VBOX     HARDDISK         1.0  PQ: 0 ANSI: 5
[   12.620088] floppy0: no floppy controllers found
[   12.757755] scsi target2:0:1: Beginning Domain Validation
[   12.917990] e1000 0000:00:08.0 eth1: (PCI:33MHz:32-bit) 08:00:27:a4:37:67
[   12.917994] e1000 0000:00:08.0 eth1: Intel(R) PRO/1000 Network Connection
[   13.169943] e1000 0000:00:03.0 enp0s3: renamed from eth0
[   13.359308] scsi target2:0:1: Domain Validation skipping write tests
[   13.381520] scsi target2:0:1: Ending Domain Validation
[   13.382994] e1000 0000:00:08.0 enp0s8: renamed from eth1
[   13.384095] scsi target2:0:1: asynchronous
[   13.400026] sd 2:0:0:0: [sda] 20971520 512-byte logical blocks: (10.7 GB/10.0 GiB)
[   13.413889] sd 2:0:0:0: [sda] Write Protect is off
[   13.415806] sd 2:0:0:0: Attached scsi generic sg0 type 0
[   13.433196] sd 2:0:1:0: Attached scsi generic sg1 type 0
[   13.433300] sd 2:0:0:0: [sda] Incomplete mode parameter data
[   13.433301] sd 2:0:0:0: [sda] Assuming drive cache: write through
[   13.440133] sd 2:0:1:0: [sdb] 20480 512-byte logical blocks: (10.5 MB/10.0 MiB)
[   13.441934] sd 2:0:1:0: [sdb] Write Protect is off
[   13.442961] sd 2:0:1:0: [sdb] Incomplete mode parameter data
[   13.443902] sd 2:0:1:0: [sdb] Assuming drive cache: write through
[   13.460190]  sda: sda1
[   13.512874] sd 2:0:0:0: [sda] Attached SCSI disk
[   13.680349] sd 2:0:1:0: [sdb] Attached SCSI disk
Begin: Loading e[   15.097378] md: linear personality registered for level -1
ssential drivers ... [   15.437632] md: multipath personality registered for level -4
[   15.478272] md: raid0 personality registered for level 0
[   15.518314] md: raid1 personality registered for level 1
[   15.596064] raid6: sse2x1   gen()  8625 MB/s
[   15.784050] raid6: sse2x1   xor()  6887 MB/s
[   15.968056] raid6: sse2x2   gen() 10893 MB/s
[   16.120051] raid6: sse2x2   xor()  7577 MB/s
[   16.312058] raid6: sse2x4   gen() 12662 MB/s
[   16.452049] raid6: sse2x4   xor()  9049 MB/s
[   16.568236] raid6: using algorithm sse2x4 gen() 12662 MB/s
[   16.569334] raid6: .... xor() 9049 MB/s, rmw enabled
[   16.570334] raid6: using ssse3x2 recovery algorithm
[   16.572853] xor: automatically using best checksumming function:
[   16.643988]    avx       : 58470.000 MB/sec
[   16.806031] async_tx: api initialized (async)
[   16.831953] md: raid6 personality registered for level 6
[   16.838541] md: raid5 personality registered for level 5
[   16.839602] md: raid4 personality registered for level 4
[   16.846728] md: raid10 personality registered for level 10
done.
Begin: Running /scripts/init-premount ... done.
Begin: Mounting root file system ... Begin: Running /scripts/local-top ... done.
Begin: Running /scripts/local-premount ... [   16.881927] Btrfs loaded
Scanning for Btrfs filesystems
done.
Warning: fsck not present, so skipping root file[   17.062719] EXT4-fs (sda1): mounted filesystem with ordered data mode. Opts: (null)
 system
done.
Begin: Running /scripts/local-bottom ... done.
Begin: Running /scripts/init-bottom ... done.
[   17.950723] random: nonblocking pool is initialized
[   18.836557] systemd[1]: systemd 229 running in system mode. (+PAM +AUDIT +SELINUX +IMA +APPARMOR +SMACK +SYSVINIT +UTMP +LIBCRYPTSETUP +GCRYPT +GNUTLS +ACL +XZ -LZ4 +SECCOMP +BLKID +ELFUTILS +KMOD -IDN)
[   18.904401] systemd[1]: Detected virtualization oracle.
[   18.974797] systemd[1]: Detected architecture x86-64.

Welcome to [1mUbuntu 16.04.3 LTS[0m!

[   19.192619] systemd[1]: Set hostname to <VM-2>.
[  23.935833] systemd[1]: Started Trigger resolvconf update for networkd DNS.
[[0;32m  OK  [0m] Started Trigger resolvconf update for networkd DNS.
[   24.025854] systemd[1]: Reached target Encrypted Volumes.
[[0;32m  OK  [0m] Reached target Encrypted Volumes.
[   24.027750] systemd[1]: Listening on udev Kernel Socket.
[[0;32m  OK  [0m] Listening on udev Kernel Socket.
[   24.041484] systemd[1]: Listening on /dev/initctl Compatibility Named Pipe.
[[0;32m  OK  [0m] Listening on /dev/initctl Compatibility Named Pipe.
[   24.043754] systemd[1]: Set up automount Arbitrary Executable File Formats File System Automount Point.
[[0;32m  OK  [0m] Set up automount Arbitrary Executab...ats File System Automount Point.
[   24.046953] systemd[1]: Created slice User and Session Slice.
[[0;32m  OK  [0m] Created slice User and Session Slice.
[   24.050061] systemd[1]: Listening on LVM2 poll daemon socket.
[[0;32m  OK  [0m] Listening on LVM2 poll daemon socket.
[   24.052080] systemd[1]: Listening on Journal Audit Socket.
[[0;32m  OK  [0m] Listening on Journal Audit Socket.
[ 24762]systemd[1]: Reached target User and Group Name Lookups.
[[0;32m  OK  [0m] Reached target User and Group Name Lookups.
[   24.266597] systemd[1]: Started Forward Password Requests to Wall Directory Watch.
[[0;32m  OK  [0m] Started Forward Password Requests to Wall Directory Watch.
[   24.269814] systemd[1]: Listening on Device-mapper event daemon FIFOs.
[[0;32m  OK  [0m] Listening on Device-mapper event daemon FIFOs.
[   24.272900] systemd[1]: Created slice System Slice.
[[0;32m  OK  [0m] Created slice System Slice.
[   24.278353] systemd[1]: Reached target Slices.
[[0;32m  OK  [0m] Reached target Slices.
[   24.280518] systemd[1]: Listening on Journal Socket (/dev/log).
[[0;32m  OK  [0m] Listening on Journal Socket (/dev/log).
[   24.283027] systemd[1]: Listening on Syslog Socket.
[[0;32m  OK  [0m] Listening on Syslog Socket.
[   24.285575] systemd[1]: Created slice system-serial\x2dgetty.slice.
[[0;32m  OK  [0m] Created slice system-serial\x2dgetty.slice.
[   24.288181] systemd[1]: Listening on udev Control Socket.
[[0;32m  OK  [0m] Listening on udev Control Socket.
[   24.290583] systemd[1]: Listening on LVM2 metadata daemon socket.
[[0;32m  OK  [0m] Listening on LVM2 metadata daemon socket.
[   24.293173] systemd[1]: Reached target Swap.
[[0;32m  OK  [0m] Reached target Swap.
[   24.295306] systemd[1]: Listening on Journal Socket.
[[0;32m  OK  [0m] Listening on Journal Socket.
[   24.308197] systemd[1]: Starting Create list of required static device nodes for the current kernel...
         Starting Create list of required st... nodes for the current kernel...
[   24.404511] systemd[1]: Starting Load Kernel Modules...
         Starting Load Kernel Modules...
[   24.560523] systemd[1]: Starting Remount Root and Kernel File Systems...
         Starting Remount Root and Kernel File Systems...
[   24.662353] systemd[1]: Starting Journal Service...
         Starting Journal Service...
[   24.667071] systemd[1]: Starting Nameserver information manager...
         Starting Nameserver information manager...
[   24.724443] systemd[1]: Mounting Debug File System...
         Mounting Debug File System...
[   24.872576] systemd[1]: Starting Monitoring of LVM2 mirrors, snapshots etc. using dmeventd or progress polling...
         Starting Monitoring of LVM2 mirrors... [   24.932769] Loading iSCSI transport class v2.0-870.
dmeventd or progress polling...
[   25.023266] systemd[1]: Mounting POSIX Message Queue File System...
         Mounting POSIX Message Queue File System...
[   25.072913] systemd[1]: Starting Uncomplicated firewall...
         Starting Uncomplicated firewall...
[   25.098033] systemd[1]: Starting Set console keymap...
[   25.233733] EXT4-fs (sda1): re-mounted. Opts: (null)
         Starting Set console keymap...
[   25.306677] systemd[1]: Mounting Huge Pages File System...
         Mounting Huge Pa[   25.311959] iscsi: registered transport (tcp)
ges File System...
[   25.317909] systemd[1]: Mounted POSIX Message Queue File System.
[[0;32m  OK  [0m] Mounted POSIX Message Queue File System.
[   25.323765] systemd[1]: Mounted Huge Pages File System.
[[0;32m  OK  [0m] Mounted Huge Pages File System.
[   25.325833] systemd[1]: Mounted Debug File System.
[[0;32m  OK  [0m] Mounted Debug File System.
[   25.328167] systemd[1]: Started Create list of required static device nodes for the current kernel.
[[0;32m  OK  [0m] Started Create list of required sta...ce nodes for the current kernel.
[   25.545133] systemd[1]: Started Remount Root and Kernel File Systems.
[[0;32m  OK  [0m] Started Remount Root and Kernel File Systems.
[   25.569203] systemd[1]: Started Uncomplicated firewall.
[[0;32m  OK  [0m] Started Uncomplicated firewall.
[   25.644322] systemd[1]: Started Nameserver information manager.
[[0;32m  OK  [0m] Started Nameserver information manager.
[   25.654633] systemd[1]: Started Journal Service.
[[0;32m  OK  [0m] Started Journal Service.
[   25.802224] iscsi: registered transport (iser)
         Starting udev Coldplug all Devices...
         Starting Flush Journal to Persistent Storage...
         Starting Load/Save Random Seed...
         Starting Initial cloud-init job (pre-networking)...
         Starting Create Static Device Nodes in /dev...
[[0;32m  OK  [0m] Started Load Kernel Modules.
[[0;32m  OK  [0m] Started Set console keymap.
         Starting Apply Kernel Variables...
         Mounting FUSE Control File System...
[[0;32m  OK  [0m] Mounted FUSE Control File System.
[[0;32m  OK  [0m] Started LVM2 metadata daemon.
[[0;32m  OK  [0m] Started udev Coldplug all Devices.
[   26.105796] systemd-journald[378]: Received request to flush runtime journal from PID 1
[[0;32m  OK  [0m] Started Flush Journal to Persistent Storage.
[[0;32m  OK  [0m] Started Load/Save Random Seed.
[[0;32m  OK  [0m] Started Apply Kernel Variables.
[[0;32m  OK  [0m] Started Monitoring of LVM2 mirrors,...ng dmeventd or progress polling.
[[0;32m  OK  [0m] Started Create Static Device Nodes in /dev.
         Starting udev Kernel Device Manager...
[[0;32m  OK  [0m] Started udev Kernel Device Manager.
[[0;32m  OK  [0m] Started Dispatch Password Requests to Console Directory Watch.
[[0;32m  OK  [0m] Reached target Local File Systems (Pre).
[[0;32m  OK  [0m] Reached target Local File Systems.
         Starting LSB: AppArmor initialization...
         Starting Set console font and keymap...
         Starting Tell Plymouth To Write Out Runtime Data...
         Starting Create Volatile Files and Directories...
[[0;32m  OK  [0m] Started Tell Plymouth To Write Out Runtime Data.
[[0;32m  OK  [0m] Found device /dev/ttyS0.
[[0;32m  OK  [0m] Started Create Volatile Files and Directories.
[[0;32m  OK  [0m] Started Set console font and keymap.
[[0;32m  OK  [0m] Created slice system-getty.slice.
[[0;32m  OK  [0m] Reached target System Time Synchronized.
         Starting Update UTMP about System Boot/Shutdown...
[[0;32m  OK  [0m] Found device 82540EM Gigabit Ethern...r (PRO/1000 MT Desktop Adapter).
[[0;32m  OK  [0m] Found device 82540EM Gigabit Ethern...r (PRO/1000 MT Desktop Adapter).
[[0;32m  OK  [0m] Listening on Load/Save RF Kill Switch Status /dev/rfkill Watch.
[[0;32m  OK  [0m] Started Update UTMP about System Boot/Shutdown.
[[0;32m  OK  [0m] Started LSB: AppArmor initialization.
[   41.593341] cloud-init[433]: Cloud-init v. 17.1 running 'init-local' at Sun, 28 Jan 2018 13:09:20 +0000. Up 40.80 seconds.
[[0;32m  OK  [0m] Started Initial cloud-init job (pre-networking).
[[0;32m  OK  [0m] Reached target Network (Pre).
         Starting Raise network interfaces...
[[0;32m  OK  [0m] Started ifup for enp0s8.
[[0;32m  OK  [0m] Started ifup for enp0s3.
[[0;32m  OK  [0m] Started Raise network interfaces.
[[0;32m  OK  [0m] Reached target Network.
         Starting Initial cloud-init job (metadata service crawler)...
[   43.981146] cloud-init[1054]: Cloud-init v. 17.1 running 'init' at Sun, 28 Jan 2018 13:09:22 +0000. Up 42.75 seconds.
[   44.088719] cloud-init[1054]: ci-info: ++++++++++++++++++++++++++++++++++++++Net device info++++++++++++++++++++++++++++++++++++++
[[0;32m  OK  [0m] Started Initial cloud-init job (metadata service crawler).
[   44.089093] cloud-init[1054]: ci-info: +--------+------+-----------------------------+---------------+-------+-------------------+
[   44.282760] cloud-init[1054]: ci-info: | Device |  Up  |           Address           |      Mask     | Scope |     Hw-Address    |
[   44.283411] cloud-init[1054]: ci-info: +--------+------+-----------------------------+---------------+-------+-------------------+
[   44.284145] cloud-init[1054]: ci-info: | enp0s3 | True |          10.0.2.15          | 255.255.255.0 |   .   | 02:38:07:4c:82:85 |
[   44.284659] cloud-init[1054]: ci-info: | enp0s3 | True |  fe80::38:7ff:fe4c:8285/64  |       .       |  link | 02:38:07:4c:82:85 |
[   44.285255] cloud-init[1054]: ci-info: | enp0s8 | True |         192.168.2.20        | 255.255.255.0 |   .   | 08:00:27:a4:37:67 |
[   44.285885] cloud-init[1054]: ci-info: | enp0s8 | True | fe80::a00:27ff:fea4:3767/64 |       .       |  link | 08:00:27:a4:37:67 |
[   44.286460] cloud-init[1054]: ci-info: |   lo   | True |          127.0.0.1          |   255.0.0.0   |   .   |         .         |
[   44.287034] cloud-init[1054]: ci-info: |   lo   | True |           ::1/128           |       .       |  host |         .         |
[   44.287613] cloud-init[1054]: ci-info: +--------+------+-----------------------------+---------------+-------+-------------------+
[[0;32m  OK  [0m] Reached target System Initialization.
[   44.287945] cloud-init[1054]: ci-info: +++++++++++++++++++++++++++Route IPv4 info++++++++++++++++++++++++++++
[   44.311345] cloud-init[1054]: ci-info: +-------+-------------+----------+---------------+-----------+-------+
[   44.314524] cloud-init[1054]: ci-info: | Route | Destination | Gateway  |    Genmask    | Interface | Flags |
[   44.317371] cloud-init[1054]: ci-info: +-------+-------------+----------+---------------+-----------+-------+
[   44.345316] cloud-init[1054]: ci-info: |   0   |   0.0.0.0   | 10.0.2.2 |    0.0.0.0    |   enp0s3  |   UG  |
[   44.345869] cloud-init[1054]: ci-info: |   1   |   10.0.2.0  | 0.0.0.0  | 255.255.255.0 |   enp0s3  |   U   |
[   44.346327] cloud-init[1054]: ci-info: |   2   | 192.168.2.0 | 0.0.0.0  | 255.255.255.0 |   enp0s8  |   U   |
[   44.346782] cloud-init[1054]: ci-info: +-------+-------------+----------+---------------+-----------+-------+
[[0;32m  OK  [0m] Started ACPI Events Check.
[[0;32m  OK  [0m] Reached target Paths.
         Starting Docker Socket for the API.
[[0;32m  OK  [0m] Started Timer to automatically refresh installed snaps.
         Starting LXD - unix socket.
         Starting Socket activation for snappy daemon.
[[0;32m  OK  [0m] Started Daily Cleanup of Temporary Directories.
[[0;32m  OK  [0m] Listening on UUID daemon activation socket.
[[0;32m  OK  [0m] Listening on ACPID Listen Socket.
[[0;32m  OK  [0m] Listening on D-Bus System Message Bus Socket.
[[0;32m  OK  [0m] Reached target Network is Online.
         Starting iSCSI initiator daemon (iscsid)...
[[0;32m  OK  [0m] Started Daily apt download activities.
[[0;32m  OK  [0m] Started Daily apt upgrade and clean activities.
[[0;32m  OK  [0m] Reached target Timers.
[[0;32m  OK  [0m] Reached target Cloud-config availability.
[[0;32m  OK  [0m] Listening on Docker Socket for the API.
[[0;32m  OK  [0m] Listening on LXD - unix socket.
[[0;32m  OK  [0m] Listening on Socket activation for snappy daemon.
[[0;32m  OK  [0m] Reached target Sockets.
[[0;32m  OK  [0m] Reached target Basic System.
         Starting Accounts Service...
         Starting Login Service...
         Starting OpenBSD Secure Shell server...
         Starting System Logging Service...
         Starting Docker Application Container Engine...
         Starting LSB: MD monitoring daemon...
         Starting Apply the settings specified in cloud-config...
[[0;32m  OK  [0m] Started Unattended Upgrades Shutdown.
         Starting /etc/rc.local Compatibility...
         Starting LXD - container startup/shutdown...
[[0;32m  OK  [0m] Started Deferred execution scheduler.
         Starting Snappy daemon...
         Starting LSB: Record successful boot for GRUB...
[[0;32m  OK  [0m] Started Regular background program processing daemon.
[[0;32m  OK  [0m] Started D-Bus System Message Bus.
[   46.567870] cloud-init[1124]: Cloud-init v. 17.1 running 'modules:config' at Sun, 28 Jan 2018 13:09:25 +0000. Up 45.81 seconds.
[[0;32m  OK  [0m] Started FUSE filesystem for LXC.
[[0;32m  OK  [0m] Started ACPI event daemon.
[[0;32m  OK  [0m] Started System Logging Service.
[[0;32m  OK  [0m] Started OpenBSD Secure Shell server.
[[0;32m  OK  [0m] Started iSCSI initiator daemon (iscsid).
[[0;32m  OK  [0m] Started Apply the settings specified in cloud-config.
[[0;32m  OK  [0m] Started /etc/rc.local Compatibility.
         Starting Login to default iSCSI targets...
[[0;32m  OK  [0m] Started Login Service.
[[0;32m  OK  [0m] Started LSB: MD monitoring daemon.
[[0;32m  OK  [0m] Started Login to default iSCSI targets.
[[0;32m  OK  [0m] Reached target Remote File Systems (Pre).
[[0;32m  OK  [0m] Reached target Remote File Systems.
         Starting Permit User Sessions...
         Starting LSB: Set the CPU Frequency Scaling governor to "ondemand"...
         Starting LSB: daemon to balance interrupts for SMP systems...
         Starting LSB: Set up cgroupfs mounts....
         Starting LSB: automatic crash report generation...
         Starting LSB: VirtualBox Linux Additions...
[[0;32m  OK  [0m] Started LSB: Record successful boot for GRUB.
[[0;32m  OK  [0m] Started Permit User Sessions.
[[0;32m  OK  [0m] Started LSB: Set up cgroupfs mounts..
[[0;32m  OK  [0m] Started LSB: Set the CPU Frequency Scaling governor to "ondemand".
         Starting Hold until boot process finishes up...
         Starting Terminate Plymouth Boot Screen...
[[0;32m  OK  [0m] Started Hold until boot process finishes up.
[[0;32m  OK  [0m] Started Terminate Plymouth Boot Screen.
[[0;32m  OK  [0m] Started Serial Getty on ttyS0.
[[0;32m  OK  [0m] Started Getty on tty1.
[[0;32m  OK  [0m] Reached target Login Prompts.
         Starting Set console scheme...
[[0;32m  OK  [0m] Started LSB: daemon to balance interrupts for SMP systems.
[[0;32m  OK  [00] Started LSB: automatic crash report generation.
[[0;32m  OK  [0m] Started Set console scheme.
[[0;32m  OK  [0m] Created slice User Slice of vagrant.
         Starting User Manager for UID 1000...
[[0;32m  OK  [0m] Started Session 1 of user vagrant.
[[0;32m  OK  [0m] Started User Manager for UID 1000.
[[0;32m  OK  [0m] Started LXD - container startup/shutdown.
         Starting Authenticate and Authorize Users to Run Privileged Tasks...
[[0;32m  OK  [0m] Started Snappy daemon.
[[0;32m  OK  [0m] Started Authenticate and Authorize Users to Run Privileged Tasks.
[[0;32m  OK  [0m] Started Accounts Service.
[[0;32m  OK           Stopping Authenticate and Author         Stopping Serial Getty on ttyS0...
         Stopping Getty on tty1...
[[0;32m  OK  [0m] Unmounted /var/lib/docker/overlay2.
[[0;32m  OK  [0m] Unmounted /var/lib/lxcfs.
[[0;32m  OK  [0m] Stopped Deferred execution scheduler.
[[0;32m  OK  [0m] Stopped ACPI event daemon.
[[0;32m  OK  [0m] Stopped OpenBSD Secure Shell server.
[[0;32m  OK  [0m] Stopped System Logging Service.
[[0;32m  OK  [0m] Stopped Regular background program processing daemon.
[[0;32m  OK  [0m] Stopped Accounts Service.
[[0;32m  OK  [0m] Stopped Snappy daemon.
[[0;32m  OK  [0m] Stopped Getty on tty1.
[[0;32m  OK  [0m] Stopped Serial Getty on ttyS0.
[[0;32m  OK  [0m] Stopped Authenticate and Authorize Users to Run Privileged Tasks.
[[0;32m  OK  [0m] Stopped User Manager for UID 1000.
[[0;32m  OK  [0m] Stopped Session 44 of user vagrant.
[[0;32m  OK  [0m] Stopped LSB: Set up cgroupfs mounts..
[[0;32m  OK  [0m] Stopped Unattended Upgrades Shutdown.
[[0;32m  OK  [0m] Stopped D-Bus System Message Bus.
[[0;32m  OK  [0m] Stopped FUSE filesystem for LXC.
[[0;32m  OK  [0m] Unmounted /run/docker/netns/1-zgr4c1rj9z.
[[0;32m  OK  [0m] Unmounted /run/docker/netns/ingress_sbox.
[[0;32m  OK  [0m] Unmounted /var/lib/docker/plugins.
[[0;32m  OK  [0m] Stopped LXD - container startup/shutdown.
[[0;32m  OK  [0m] Removed slice User Slice of vagrant.
         Stopping Login Service...
[[0;32m  OK  [0m] Removed slice system-serial\x2dgetty.slice.
[[0;32m  OK  [0m] Stopped /etc/rc.local Compatibility.
         Stopping Permit User Sessions...
[[0;32m  OK  [0m] Removed slice system-getty.slice.
[[0;32m  OK  [0m] Stopped LSB: Set the CPU Frequency Scaling governor to "ondemand".
[[0;32m  OK  [0m] Stopped LSB: Record successful boot for GRUB.
[[0;32m  OK  [0m] Stopped LSB: VirtualBox Linux Additions.
[[0;32m  OK  [0m] Stopped LSB: MD monitoring daemon.
[[0;32m  OK  [0m] Stopped LSB: daemon to balance interrupts for SMP systems.
[[0;32m  OK  [0m] Stopped LSB: automatic crash report generation.
[[0;32m  OK  [0m] Stopped Login Service.
[[0;32m  OK  [0m] Stopped Permit User Sessions.
[[0;32m  OK  [0m] Stopped target Remote File Systems.
[[0;32m  OK  [0m] Stopped target Remote File Systems (Pre).
         Stopping Login to default iSCSI targets...
[[0;32m  OK  [0m] Stopped target User and Group Name Lookups.
[[0;32m  OK  [0m] Stopped Login to default iSCSI targets.
[[0;32m  OK  [0m] Stopped Docker Application Container Engine.
[[0;32m  OK  [0m] Stopped target Basic System.
[[0;32m  OK  [0m] Stopped target Paths.
[[0;32m  OK  [0m] Stopped Dispatch Password Requests to Console Directory Watch.
[[0;32m  OK  [0m] Stopped Forward Password Requests to Wall Directory Watch.
[[0;32m  OK  [0m] Stopped ACPI Events Check.
[[0;32m  OK  [0m] Stopped target Sockets.
[[0;32m  OK  [0m] Closed D-Bus System Message Bus Socket.
[[0;32m  OK  [0m] Closed Syslog Socket.
[[0;32m  OK  [0m] Closed LXD - unix socket.
[[0;32m  OK  [0m] Closed Socket activation for snappy daemon.
[[0;32m  OK  [0m] Closed UUID daemon activation socket.
[[0;32m  OK  [0m] Closed ACPID Listen Socket.
[[0;32m  OK  [0m] Stopped target Slices.
[[0;32m  OK  [0m] Removed slice User and Session Slice.
[[0;32m  OK  [0m] Closed Docker Socket for the API.
[[0;32m  OK  [0m] Stopped target System Initialization.
[[0;32m  OK  [0m] Stopped target Encrypted Volumes.
         Stopping Load/Save Random Seed...
[[0;32m  OK  [0m] Stopped Create Volatile Files and Directories.
[[0;32m  OK  [0m] Stopped target Swap.
         Stopping iSCSI initiator daemon (iscsid)...
[[0;32m  OK  [0m] Stopped iSCSI initiator daemon (iscsid).
[[0;32m  OK  [0m] Stopped Load/Save Random Seed.
[[0;32m  OK  [0m] Stopped target Network is Online.
[[0;32m  OK  [0m] Stopped Initial cloud-init job (metadata service crawler).
[[0;32m  OK  [0m] Stopped target Network.
         Stopping Raise network interfaces...
[[0;32m  OK  [0m] Stopped Raise network interfaces.
[[0;32m  OK  [0m] Stopped target Network (Pre).
[[0;32m  OK  [0m] Stopped Initial cloud-init job (pre-networking).
[[0;32m  OK  [0m] Stopped Apply Kernel Variables.
[[0;32m  OK  [0m] Stopped Load Kernel Modules.
[[0;32m  OK  [0m] Stopped target Local File Systems.
         Unmounting /run/user/1000...
         Unmounting /vagrant...
[[0;32m  OK  [0m] Unmounted /run/user/1000.
[[0;32m  OK  [0m] Unmounted /vagrant.
[[0;32m  OK  [0m] Reached target Unmount All Filesystems.
[[0;32m  OK  [0m] Stopped target Local File Systems (Pre).
[[0;32m  OK  [0m] Stopped Remount Root and Kernel File Systems.
[[0;32m  OK  [0m] Stopped Create Static Device Nodes in /dev.
[[0;32m  OK  [0m] Reached target Shutdown.
[11759.521881] reboot: Power down
ts to Console Directory Watch.
[[0;32m  OK  [0m] Stopped target Sockets.
[[0;32m  OK  [0m] Closed LXD - unix socket.
[[0;32m  OK  [0m] Closed UUID daemon activation socket.
[[0;32m  OK  [0m] Closed Syslog Socket.
[[0;32m  OK  [0m] Closed ACPID Listen Socket.
[[0;32m  OK  [0m] Closed Socket activation for snappy daemon.
[[0;32m  OK  [0m] Closed D-Bus System Message Bus Socket.
[[0;32m  OK  [0m] Stopped target Network is Online.
[[0;32m  OK  [0m] Stopped target Network.
[[0;32m  OK  [0m] Closed Docker Socket for the API.
[[0;32m  OK  [0m] Stopped target System Initialization.
[[0;32m  OK  [0m] Stopped target Encrypted Volumes.
[[0;32m  OK  [0m] Stopped target Swap.
[[0;32m  OK  [0m] Stopped Initial cloud-init job (metadata service crawler).
         Stopping Raise network interfaces...
         Stopping Update UTMP about System Boot/Shutdown...
         Stopping Load/Save Random Seed...
[[0;32m  OK  [0m] Stopped Load/Save Random Seed.
[[0;32m  OK  [0m] Stopped Update UTMP about System Boot/Shutdown.
[[0;32m  OK  [0m] Stopped Create Volatile Files and Directories.
[[0;32m  OK  [0m] Stopped Raise network interfaces.
[[0;32m  OK  [0m] Stopped target Network (Pre).
[[0;32m  OK  [0m] Stopped Initial cloud-init job (pre-networking).
[[0;32m  OK  [0m] Stopped Apply Kernel Variables.
[[0;32m  OK  [0m] Stopped Load Kernel Modules.
[[0;32m  OK  [0m] Stopped target Local File Systems.
         Unmounting /vagrant...
         Unmounting /run/user/1000...
[[0;32m  OK  [0m] Unmounted /vagrant.
[[0;32m  OK  [0m] Unmounted /run/user/1000.
[[0;32m  OK  [0m] Reached target Unmount All Filesystems.
[[0;32m  OK  [0m] Stopped target Local File Systems (Pre).
         Stopping Monitoring of LVM2 mirrors... dmeventd or progress polling...
[[0;32m  OK  [0m] Stopped Create Static Device Nodes in /dev.
[[0;32m  OK  [0m] Stopped Remount Root and Kernel File Systems.
[[0;32m  OK  [0m] Reached target Shutdown.
[1661.316245] reboot: Power down
